Archive member included to satisfy reference by file (symbol)

C:/ST/STM32CubeIDE_1.13.2/STM32CubeIDE/plugins/com.st.stm32cube.ide.mcu.externaltools.gnu-tools-for-stm32.11.3.rel1.win32_1.1.100.202309141235/tools/bin/../lib/gcc/arm-none-eabi/11.3.1/../../../../arm-none-eabi/lib/thumb/v7-m/nofp\libc_nano.a(libc_a-exit.o)
                              C:/ST/STM32CubeIDE_1.13.2/STM32CubeIDE/plugins/com.st.stm32cube.ide.mcu.externaltools.gnu-tools-for-stm32.11.3.rel1.win32_1.1.100.202309141235/tools/bin/../lib/gcc/arm-none-eabi/11.3.1/../../../../arm-none-eabi/lib/thumb/v7-m/nofp/crt0.o (exit)
C:/ST/STM32CubeIDE_1.13.2/STM32CubeIDE/plugins/com.st.stm32cube.ide.mcu.externaltools.gnu-tools-for-stm32.11.3.rel1.win32_1.1.100.202309141235/tools/bin/../lib/gcc/arm-none-eabi/11.3.1/../../../../arm-none-eabi/lib/thumb/v7-m/nofp\libc_nano.a(libc_a-malloc.o)
                              ./Core/Src/6811.o (malloc)
C:/ST/STM32CubeIDE_1.13.2/STM32CubeIDE/plugins/com.st.stm32cube.ide.mcu.externaltools.gnu-tools-for-stm32.11.3.rel1.win32_1.1.100.202309141235/tools/bin/../lib/gcc/arm-none-eabi/11.3.1/../../../../arm-none-eabi/lib/thumb/v7-m/nofp\libc_nano.a(libc_a-mallocr.o)
                              C:/ST/STM32CubeIDE_1.13.2/STM32CubeIDE/plugins/com.st.stm32cube.ide.mcu.externaltools.gnu-tools-for-stm32.11.3.rel1.win32_1.1.100.202309141235/tools/bin/../lib/gcc/arm-none-eabi/11.3.1/../../../../arm-none-eabi/lib/thumb/v7-m/nofp\libc_nano.a(libc_a-malloc.o) (_malloc_r)
C:/ST/STM32CubeIDE_1.13.2/STM32CubeIDE/plugins/com.st.stm32cube.ide.mcu.externaltools.gnu-tools-for-stm32.11.3.rel1.win32_1.1.100.202309141235/tools/bin/../lib/gcc/arm-none-eabi/11.3.1/../../../../arm-none-eabi/lib/thumb/v7-m/nofp\libc_nano.a(libc_a-mlock.o)
                              C:/ST/STM32CubeIDE_1.13.2/STM32CubeIDE/plugins/com.st.stm32cube.ide.mcu.externaltools.gnu-tools-for-stm32.11.3.rel1.win32_1.1.100.202309141235/tools/bin/../lib/gcc/arm-none-eabi/11.3.1/../../../../arm-none-eabi/lib/thumb/v7-m/nofp\libc_nano.a(libc_a-mallocr.o) (__malloc_lock)
C:/ST/STM32CubeIDE_1.13.2/STM32CubeIDE/plugins/com.st.stm32cube.ide.mcu.externaltools.gnu-tools-for-stm32.11.3.rel1.win32_1.1.100.202309141235/tools/bin/../lib/gcc/arm-none-eabi/11.3.1/../../../../arm-none-eabi/lib/thumb/v7-m/nofp\libc_nano.a(libc_a-findfp.o)
                              C:/ST/STM32CubeIDE_1.13.2/STM32CubeIDE/plugins/com.st.stm32cube.ide.mcu.externaltools.gnu-tools-for-stm32.11.3.rel1.win32_1.1.100.202309141235/tools/bin/../lib/gcc/arm-none-eabi/11.3.1/../../../../arm-none-eabi/lib/thumb/v7-m/nofp\libc_nano.a(libc_a-exit.o) (__stdio_exit_handler)
C:/ST/STM32CubeIDE_1.13.2/STM32CubeIDE/plugins/com.st.stm32cube.ide.mcu.externaltools.gnu-tools-for-stm32.11.3.rel1.win32_1.1.100.202309141235/tools/bin/../lib/gcc/arm-none-eabi/11.3.1/../../../../arm-none-eabi/lib/thumb/v7-m/nofp\libc_nano.a(libc_a-fwalk.o)
                              C:/ST/STM32CubeIDE_1.13.2/STM32CubeIDE/plugins/com.st.stm32cube.ide.mcu.externaltools.gnu-tools-for-stm32.11.3.rel1.win32_1.1.100.202309141235/tools/bin/../lib/gcc/arm-none-eabi/11.3.1/../../../../arm-none-eabi/lib/thumb/v7-m/nofp\libc_nano.a(libc_a-findfp.o) (_fwalk_sglue)
C:/ST/STM32CubeIDE_1.13.2/STM32CubeIDE/plugins/com.st.stm32cube.ide.mcu.externaltools.gnu-tools-for-stm32.11.3.rel1.win32_1.1.100.202309141235/tools/bin/../lib/gcc/arm-none-eabi/11.3.1/../../../../arm-none-eabi/lib/thumb/v7-m/nofp\libc_nano.a(libc_a-sprintf.o)
                              ./Core/Src/print.o (sprintf)
C:/ST/STM32CubeIDE_1.13.2/STM32CubeIDE/plugins/com.st.stm32cube.ide.mcu.externaltools.gnu-tools-for-stm32.11.3.rel1.win32_1.1.100.202309141235/tools/bin/../lib/gcc/arm-none-eabi/11.3.1/../../../../arm-none-eabi/lib/thumb/v7-m/nofp\libc_nano.a(libc_a-stdio.o)
                              C:/ST/STM32CubeIDE_1.13.2/STM32CubeIDE/plugins/com.st.stm32cube.ide.mcu.externaltools.gnu-tools-for-stm32.11.3.rel1.win32_1.1.100.202309141235/tools/bin/../lib/gcc/arm-none-eabi/11.3.1/../../../../arm-none-eabi/lib/thumb/v7-m/nofp\libc_nano.a(libc_a-findfp.o) (__sread)
C:/ST/STM32CubeIDE_1.13.2/STM32CubeIDE/plugins/com.st.stm32cube.ide.mcu.externaltools.gnu-tools-for-stm32.11.3.rel1.win32_1.1.100.202309141235/tools/bin/../lib/gcc/arm-none-eabi/11.3.1/../../../../arm-none-eabi/lib/thumb/v7-m/nofp\libc_nano.a(libc_a-memset.o)
                              C:/ST/STM32CubeIDE_1.13.2/STM32CubeIDE/plugins/com.st.stm32cube.ide.mcu.externaltools.gnu-tools-for-stm32.11.3.rel1.win32_1.1.100.202309141235/tools/bin/../lib/gcc/arm-none-eabi/11.3.1/../../../../arm-none-eabi/lib/thumb/v7-m/nofp/crt0.o (memset)
C:/ST/STM32CubeIDE_1.13.2/STM32CubeIDE/plugins/com.st.stm32cube.ide.mcu.externaltools.gnu-tools-for-stm32.11.3.rel1.win32_1.1.100.202309141235/tools/bin/../lib/gcc/arm-none-eabi/11.3.1/../../../../arm-none-eabi/lib/thumb/v7-m/nofp\libc_nano.a(libc_a-strncat.o)
                              ./Core/Src/print.o (strncat)
[...]
Memory Configuration

Name             Origin             Length             Attributes
RAM              0x0000000020000000 0x0000000000010000 xrw
FLASH            0x0000000008000000 0x0000000000020000 xr
*default*        0x0000000000000000 0xffffffffffffffff

Linker script and memory map

LOAD C:/ST/STM32CubeIDE_1.13.2/STM32CubeIDE/plugins/com.st.stm32cube.ide.mcu.externaltools.gnu-tools-for-stm32.11.3.rel1.win32_1.1.100.202309141235/tools/bin/../lib/gcc/arm-none-eabi/11.3.1/thumb/v7-m/nofp/crti.o
LOAD C:/ST/STM32CubeIDE_1.13.2/STM32CubeIDE/plugins/com.st.stm32cube.ide.mcu.externaltools.gnu-tools-for-stm32.11.3.rel1.win32_1.1.100.202309141235/tools/bin/../lib/gcc/arm-none-eabi/11.3.1/thumb/v7-m/nofp/crtbegin.o
LOAD C:/ST/STM32CubeIDE_1.13.2/STM32CubeIDE/plugins/com.st.stm32cube.ide.mcu.externaltools.gnu-tools-for-stm32.11.3.rel1.win32_1.1.100.202309141235/tools/bin/../lib/gcc/arm-none-eabi/11.3.1/../../../../arm-none-eabi/lib/thumb/v7-m/nofp/crt0.o
LOAD ./Core/Src/6811.o
LOAD ./Core/Src/adc.o
LOAD ./Core/Src/balance.o
LOAD ./Core/Src/can.o
LOAD ./Core/Src/gpio.o
LOAD ./Core/Src/main.o
LOAD ./Core/Src/module.o
LOAD ./Core/Src/print.o
LOAD ./Core/Src/safety.o
LOAD ./Core/Src/spi.o
LOAD ./Core/Src/stm32f1xx_hal_msp.o
LOAD ./Core/Src/stm32f1xx_it.o
LOAD ./Core/Src/syscalls.o
LOAD ./Core/Src/sysmem.o
LOAD ./Core/Src/system_stm32f1xx.o
LOAD ./Core/Src/tim.o
LOAD ./Core/Startup/startup_stm32f105rbtx.o
LOAD ./Drivers/STM32F1xx_HAL_Driver/Src/stm32f1xx_hal.o
LOAD ./Drivers/STM32F1xx_HAL_Driver/Src/stm32f1xx_hal_adc.o
LOAD ./Drivers/STM32F1xx_HAL_Driver/Src/stm32f1xx_hal_adc_ex.o
LOAD ./Drivers/STM32F1xx_HAL_Driver/Src/stm32f1xx_hal_can.o
LOAD ./Drivers/STM32F1xx_HAL_Driver/Src/stm32f1xx_hal_cortex.o
LOAD ./Drivers/STM32F1xx_HAL_Driver/Src/stm32f1xx_hal_dma.o
LOAD ./Drivers/STM32F1xx_HAL_Driver/Src/stm32f1xx_hal_exti.o
LOAD ./Drivers/STM32F1xx_HAL_Driver/Src/stm32f1xx_hal_flash.o
LOAD ./Drivers/STM32F1xx_HAL_Driver/Src/stm32f1xx_hal_flash_ex.o
LOAD ./Drivers/STM32F1xx_HAL_Driver/Src/stm32f1xx_hal_gpio.o
LOAD ./Drivers/STM32F1xx_HAL_Driver/Src/stm32f1xx_hal_gpio_ex.o
LOAD ./Drivers/STM32F1xx_HAL_Driver/Src/stm32f1xx_hal_pcd.o
LOAD ./Drivers/STM32F1xx_HAL_Driver/Src/stm32f1xx_hal_pcd_ex.o
LOAD ./Drivers/STM32F1xx_HAL_Driver/Src/stm32f1xx_hal_pwr.o
LOAD ./Drivers/STM32F1xx_HAL_Driver/Src/stm32f1xx_hal_rcc.o
LOAD ./Drivers/STM32F1xx_HAL_Driver/Src/stm32f1xx_hal_rcc_ex.o
LOAD ./Drivers/STM32F1xx_HAL_Driver/Src/stm32f1xx_hal_spi.o
LOAD ./Drivers/STM32F1xx_HAL_Driver/Src/stm32f1xx_hal_tim.o
LOAD ./Drivers/STM32F1xx_HAL_Driver/Src/stm32f1xx_hal_tim_ex.o
LOAD ./Drivers/STM32F1xx_HAL_Driver/Src/stm32f1xx_ll_usb.o
LOAD ./Middlewares/ST/STM32_USB_Device_Library/Class/CDC/Src/usbd_cdc.o
LOAD ./Middlewares/ST/STM32_USB_Device_Library/Core/Src/usbd_core.o
LOAD ./Middlewares/ST/STM32_USB_Device_Library/Core/Src/usbd_ctlreq.o
LOAD ./Middlewares/ST/STM32_USB_Device_Library/Core/Src/usbd_ioreq.o
LOAD ./USB_DEVICE/App/usb_device.o
LOAD ./USB_DEVICE/App/usbd_cdc_if.o
LOAD ./USB_DEVICE/App/usbd_desc.o
LOAD ./USB_DEVICE/Target/usbd_conf.o
START GROUP
LOAD C:/ST/STM32CubeIDE_1.13.2/STM32CubeIDE/plugins/com.st.stm32cube.ide.mcu.externaltools.gnu-tools-for-stm32.11.3.rel1.win32_1.1.100.202309141235/tools/bin/../lib/gcc/arm-none-eabi/11.3.1/../../../../arm-none-eabi/lib/thumb/v7-m/nofp\libc_nano.a
LOAD C:/ST/STM32CubeIDE_1.13.2/STM32CubeIDE/plugins/com.st.stm32cube.ide.mcu.externaltools.gnu-tools-for-stm32.11.3.rel1.win32_1.1.100.202309141235/tools/bin/../lib/gcc/arm-none-eabi/11.3.1/../../../../arm-none-eabi/lib/thumb/v7-m/nofp\libm.a
END GROUP
START GROUP
LOAD C:/ST/STM32CubeIDE_1.13.2/STM32CubeIDE/plugins/com.st.stm32cube.ide.mcu.externaltools.gnu-tools-for-stm32.11.3.rel1.win32_1.1.100.202309141235/tools/bin/../lib/gcc/arm-none-eabi/11.3.1/thumb/v7-m/nofp\libgcc.a
LOAD C:/ST/STM32CubeIDE_1.13.2/STM32CubeIDE/plugins/com.st.stm32cube.ide.mcu.externaltools.gnu-tools-for-stm32.11.3.rel1.win32_1.1.100.202309141235/tools/bin/../lib/gcc/arm-none-eabi/11.3.1/../../../../arm-none-eabi/lib/thumb/v7-m/nofp\libc_nano.a
END GROUP
START GROUP
LOAD C:/ST/STM32CubeIDE_1.13.2/STM32CubeIDE/plugins/com.st.stm32cube.ide.mcu.externaltools.gnu-tools-for-stm32.11.3.rel1.win32_1.1.100.202309141235/tools/bin/../lib/gcc/arm-none-eabi/11.3.1/thumb/v7-m/nofp\libgcc.a
LOAD C:/ST/STM32CubeIDE_1.13.2/STM32CubeIDE/plugins/com.st.stm32cube.ide.mcu.externaltools.gnu-tools-for-stm32.11.3.rel1.win32_1.1.100.202309141235/tools/bin/../lib/gcc/arm-none-eabi/11.3.1/../../../../arm-none-eabi/lib/thumb/v7-m/nofp\libc_nano.a
LOAD C:/ST/STM32CubeIDE_1.13.2/STM32CubeIDE/plugins/com.st.stm32cube.ide.mcu.externaltools.gnu-tools-for-stm32.11.3.rel1.win32_1.1.100.202309141235/tools/bin/../lib/gcc/arm-none-eabi/11.3.1/../../../../arm-none-eabi/lib/thumb/v7-m/nofp\libnosys.a
END GROUP
START GROUP
LOAD C:/ST/STM32CubeIDE_1.13.2/STM32CubeIDE/plugins/com.st.stm32cube.ide.mcu.externaltools.gnu-tools-for-stm32.11.3.rel1.win32_1.1.100.202309141235/tools/bin/../lib/gcc/arm-none-eabi/11.3.1/thumb/v7-m/nofp\libgcc.a
LOAD C:/ST/STM32CubeIDE_1.13.2/STM32CubeIDE/plugins/com.st.stm32cube.ide.mcu.externaltools.gnu-tools-for-stm32.11.3.rel1.win32_1.1.100.202309141235/tools/bin/../lib/gcc/arm-none-eabi/11.3.1/../../../../arm-none-eabi/lib/thumb/v7-m/nofp\libc_nano.a
LOAD C:/ST/STM32CubeIDE_1.13.2/STM32CubeIDE/plugins/com.st.stm32cube.ide.mcu.externaltools.gnu-tools-for-stm32.11.3.rel1.win32_1.1.100.202309141235/tools/bin/../lib/gcc/arm-none-eabi/11.3.1/../../../../arm-none-eabi/lib/thumb/v7-m/nofp\libnosys.a
END GROUP
LOAD C:/ST/STM32CubeIDE_1.13.2/STM32CubeIDE/plugins/com.st.stm32cube.ide.mcu.externaltools.gnu-tools-for-stm32.11.3.rel1.win32_1.1.100.202309141235/tools/bin/../lib/gcc/arm-none-eabi/11.3.1/thumb/v7-m/nofp/crtend.o
LOAD C:/ST/STM32CubeIDE_1.13.2/STM32CubeIDE/plugins/com.st.stm32cube.ide.mcu.externaltools.gnu-tools-for-stm32.11.3.rel1.win32_1.1.100.202309141235/tools/bin/../lib/gcc/arm-none-eabi/11.3.1/thumb/v7-m/nofp/crtn.o
                0x0000000020010000                _estack = (ORIGIN (RAM) + LENGTH (RAM))
                0x0000000000000200                _Min_Heap_Size = 0x200
                0x0000000000000400                _Min_Stack_Size = 0x400

.isr_vector     0x0000000008000000      0x1e4
                0x0000000008000000                . = ALIGN (0x4)
 *(.isr_vector)
 .isr_vector    0x0000000008000000      0x1e4 ./Core/Startup/startup_stm32f105rbtx.o
                0x0000000008000000                g_pfnVectors
                0x00000000080001e4                . = ALIGN (0x4)

.text           0x00000000080001e8     0xad7c
                0x00000000080001e8                . = ALIGN (0x4)
 *(.text)
 .text          0x00000000080001e8       0x40 C:/ST/STM32CubeIDE_1.13.2/STM32CubeIDE/plugins/com.st.stm32cube.ide.mcu.externaltools.gnu-tools-for-stm32.11.3.rel1.win32_1.1.100.202309141235/tools/bin/../lib/gcc/arm-none-eabi/11.3.1/thumb/v7-m/nofp/crtbegin.o
 .text          0x0000000008000228       0x10 C:/ST/STM32CubeIDE_1.13.2/STM32CubeIDE/plugins/com.st.stm32cube.ide.mcu.externaltools.gnu-tools-for-stm32.11.3.rel1.win32_1.1.100.202309141235/tools/bin/../lib/gcc/arm-none-eabi/11.3.1/../../../../arm-none-eabi/lib/thumb/v7-m/nofp\libc_nano.a(libc_a-strlen.o)
                0x0000000008000228                strlen
 .text          0x0000000008000238      0x378 C:/ST/STM32CubeIDE_1.13.2/STM32CubeIDE/plugins/com.st.stm32cube.ide.mcu.externaltools.gnu-tools-for-stm32.11.3.rel1.win32_1.1.100.202309141235/tools/bin/../lib/gcc/arm-none-eabi/11.3.1/thumb/v7-m/nofp\libgcc.a(_arm_addsubdf3.o)
                0x0000000008000238                __aeabi_drsub
                0x0000000008000240                __aeabi_dsub
                0x0000000008000240                __subdf3
                0x0000000008000244                __aeabi_dadd
                0x0000000008000244                __adddf3
                0x00000000080004bc                __floatunsidf
                0x00000000080004bc                __aeabi_ui2d
                0x00000000080004dc                __floatsidf
                0x00000000080004dc                __aeabi_i2d
                0x0000000008000500                __aeabi_f2d
                0x0000000008000500                __extendsfdf2
                0x0000000008000544                __floatundidf
                0x0000000008000544                __aeabi_ul2d
                0x0000000008000554                __floatdidf
                0x0000000008000554                __aeabi_l2d
 .text          0x00000000080005b0      0x424 C:/ST/STM32CubeIDE_1.13.2/STM32CubeIDE/plugins/com.st.stm32cube.ide.mcu.externaltools.gnu-tools-for-stm32.11.3.rel1.win32_1.1.100.202309141235/tools/bin/../lib/gcc/arm-none-eabi/11.3.1/thumb/v7-m/nofp\libgcc.a(_arm_muldivdf3.o)
                0x00000000080005b0                __aeabi_dmul
                0x00000000080005b0                __muldf3
                0x0000000008000804                __divdf3
                0x0000000008000804                __aeabi_ddiv
 .text          0x00000000080009d4      0x110 C:/ST/STM32CubeIDE_1.13.2/STM32CubeIDE/plugins/com.st.stm32cube.ide.mcu.externaltools.gnu-tools-for-stm32.11.3.rel1.win32_1.1.100.202309141235/tools/bin/../lib/gcc/arm-none-eabi/11.3.1/thumb/v7-m/nofp\libgcc.a(_arm_cmpdf2.o)
                0x00000000080009d4                __gtdf2
                0x00000000080009d4                __gedf2
                0x00000000080009dc                __ltdf2
                0x00000000080009dc                __ledf2
                0x00000000080009e4                __nedf2
                0x00000000080009e4                __eqdf2
                0x00000000080009e4                __cmpdf2
                0x0000000008000a60                __aeabi_cdrcmple
                0x0000000008000a70                __aeabi_cdcmpeq
                0x0000000008000a70                __aeabi_cdcmple
                0x0000000008000a80                __aeabi_dcmpeq
                0x0000000008000a94                __aeabi_dcmplt
                0x0000000008000aa8                __aeabi_dcmple
                0x0000000008000abc                __aeabi_dcmpge
                0x0000000008000ad0                __aeabi_dcmpgt
 .text          0x0000000008000ae4       0x2c C:/ST/STM32CubeIDE_1.13.2/STM32CubeIDE/plugins/com.st.stm32cube.ide.mcu.externaltools.gnu-tools-for-stm32.11.3.rel1.win32_1.1.100.202309141235/tools/bin/../lib/gcc/arm-none-eabi/11.3.1/thumb/v7-m/nofp\libgcc.a(_arm_unorddf2.o)
                0x0000000008000ae4                __unorddf2
                0x0000000008000ae4                __aeabi_dcmpun
 .text          0x0000000008000b10       0xa0 C:/ST/STM32CubeIDE_1.13.2/STM32CubeIDE/plugins/com.st.stm32cube.ide.mcu.externaltools.gnu-tools-for-stm32.11.3.rel1.win32_1.1.100.202309141235/tools/bin/../lib/gcc/arm-none-eabi/11.3.1/thumb/v7-m/nofp\libgcc.a(_arm_truncdfsf2.o)
                0x0000000008000b10                __truncdfsf2
                0x0000000008000b10                __aeabi_d2f
 .text          0x0000000008000bb0      0x21c C:/ST/STM32CubeIDE_1.13.2/STM32CubeIDE/plugins/com.st.stm32cube.ide.mcu.externaltools.gnu-tools-for-stm32.11.3.rel1.win32_1.1.100.202309141235/tools/bin/../lib/gcc/arm-none-eabi/11.3.1/thumb/v7-m/nofp\libgcc.a(_arm_addsubsf3.o)
                0x0000000008000bb0                __aeabi_frsub
                0x0000000008000bb8                __subsf3
                0x0000000008000bb8                __aeabi_fsub
                0x0000000008000bbc                __aeabi_fadd
                0x0000000008000bbc                __addsf3
                0x0000000008000d1c                __aeabi_ui2f
                0x0000000008000d1c                __floatunsisf
                0x0000000008000d24                __aeabi_i2f
                0x0000000008000d24                __floatsisf
                0x0000000008000d40                __aeabi_ul2f
                0x0000000008000d40                __floatundisf
                0x0000000008000d50                __aeabi_l2f
                0x0000000008000d50                __floatdisf
 .text          0x0000000008000dcc      0x2a0 C:/ST/STM32CubeIDE_1.13.2/STM32CubeIDE/plugins/com.st.stm32cube.ide.mcu.externaltools.gnu-tools-for-stm32.11.3.rel1.win32_1.1.100.202309141235/tools/bin/../lib/gcc/arm-none-eabi/11.3.1/thumb/v7-m/nofp\libgcc.a(_arm_muldivsf3.o)
                0x0000000008000dcc                __mulsf3
                0x0000000008000dcc                __aeabi_fmul
                0x0000000008000f34                __aeabi_fdiv
                0x0000000008000f34                __divsf3
 .text          0x000000000800106c       0x40 C:/ST/STM32CubeIDE_1.13.2/STM32CubeIDE/plugins/com.st.stm32cube.ide.mcu.externaltools.gnu-tools-for-stm32.11.3.rel1.win32_1.1.100.202309141235/tools/bin/../lib/gcc/arm-none-eabi/11.3.1/thumb/v7-m/nofp\libgcc.a(_arm_fixunssfsi.o)
                0x000000000800106c                __fixunssfsi
                0x000000000800106c                __aeabi_f2uiz
 .text          0x00000000080010ac       0x30 C:/ST/STM32CubeIDE_1.13.2/STM32CubeIDE/plugins/com.st.stm32cube.ide.mcu.externaltools.gnu-tools-for-stm32.11.3.rel1.win32_1.1.100.202309141235/tools/bin/../lib/gcc/arm-none-eabi/11.3.1/thumb/v7-m/nofp\libgcc.a(_aeabi_uldivmod.o)
                0x00000000080010ac                __aeabi_uldivmod
 .text          0x00000000080010dc      0x2cc C:/ST/STM32CubeIDE_1.13.2/STM32CubeIDE/plugins/com.st.stm32cube.ide.mcu.externaltools.gnu-tools-for-stm32.11.3.rel1.win32_1.1.100.202309141235/tools/bin/../lib/gcc/arm-none-eabi/11.3.1/thumb/v7-m/nofp\libgcc.a(_udivmoddi4.o)
                0x00000000080010dc                __udivmoddi4
 .text          0x00000000080013a8        0x4 C:/ST/STM32CubeIDE_1.13.2/STM32CubeIDE/plugins/com.st.stm32cube.ide.mcu.externaltools.gnu-tools-for-stm32.11.3.rel1.win32_1.1.100.202309141235/tools/bin/../lib/gcc/arm-none-eabi/11.3.1/thumb/v7-m/nofp\libgcc.a(_dvmd_tls.o)
                0x00000000080013a8                __aeabi_idiv0
                0x00000000080013a8                __aeabi_ldiv0
 *(.text*)
 .text.wakeup_idle
                0x00000000080013ac       0x40 ./Core/Src/6811.o
                0x00000000080013ac                wakeup_idle
 .text.wakeup_sleep
                0x00000000080013ec       0x3a ./Core/Src/6811.o
                0x00000000080013ec                wakeup_sleep
 *fill*         0x0000000008001426        0x2 
 .text.read_cell_volt
                0x0000000008001428      0x170 ./Core/Src/6811.o
                0x0000000008001428                read_cell_volt
 .text.ltc6811_wrcfg
                0x0000000008001598      0x100 ./Core/Src/6811.o
                0x0000000008001598                ltc6811_wrcfg
 .text.ltc_wrcomm
                0x0000000008001698       0xf8 ./Core/Src/6811.o
                0x0000000008001698                ltc_wrcomm
 .text.ltc_stcomm
                0x0000000008001790       0x80 ./Core/Src/6811.o
                0x0000000008001790                ltc_stcomm
 .text.read_cell_temps
                0x0000000008001810      0x170 ./Core/Src/6811.o
                0x0000000008001810                read_cell_temps
 .text.ltc_adcv
                0x0000000008001980       0x8c ./Core/Src/6811.o
                0x0000000008001980                ltc_adcv
 .text.ltc_adax
                0x0000000008001a0c       0x80 ./Core/Src/6811.o
                0x0000000008001a0c                ltc_adax
 .text.ltc_polladc
                0x0000000008001a8c       0x8c ./Core/Src/6811.o
                0x0000000008001a8c                ltc_polladc
 .text.ltc_pec15_calc
                0x0000000008001b18       0x64 ./Core/Src/6811.o
                0x0000000008001b18                ltc_pec15_calc
 .text.MX_ADC1_Init
                0x0000000008001b7c       0x7c ./Core/Src/adc.o
                0x0000000008001b7c                MX_ADC1_Init
 .text.MX_ADC2_Init
                0x0000000008001bf8       0x7c ./Core/Src/adc.o
                0x0000000008001bf8                MX_ADC2_Init
 .text.HAL_ADC_MspInit
                0x0000000008001c74       0xcc ./Core/Src/adc.o
                0x0000000008001c74                HAL_ADC_MspInit
 .text.startBalance
                0x0000000008001d40       0x38 ./Core/Src/balance.o
                0x0000000008001d40                startBalance
 .text.dischargeAlgo
                0x0000000008001d78       0x88 ./Core/Src/balance.o
                0x0000000008001d78                dischargeAlgo
 .text.setCfg   0x0000000008001e00      0x140 ./Core/Src/balance.o
                0x0000000008001e00                setCfg
 .text.MX_CAN2_Init
                0x0000000008001f40       0x6c ./Core/Src/can.o
                0x0000000008001f40                MX_CAN2_Init
 .text.HAL_CAN_MspInit
                0x0000000008001fac       0xb0 ./Core/Src/can.o
                0x0000000008001fac                HAL_CAN_MspInit
 .text.CAN_Start
                0x000000000800205c       0x14 ./Core/Src/can.o
                0x000000000800205c                CAN_Start
 .text.CAN_Activate
                0x0000000008002070       0x18 ./Core/Src/can.o
                0x0000000008002070                CAN_Activate
 .text.CAN_Send
                0x0000000008002088       0x28 ./Core/Src/can.o
                0x0000000008002088                CAN_Send
 .text.CAN_SettingsInit
                0x00000000080020b0       0x30 ./Core/Src/can.o
                0x00000000080020b0                CAN_SettingsInit
 .text.setCANId
                0x00000000080020e0       0x1a ./Core/Src/can.o
                0x00000000080020e0                setCANId
 .text.CAN_Send_Voltage
                0x00000000080020fa      0x11a ./Core/Src/can.o
                0x00000000080020fa                CAN_Send_Voltage
 .text.CAN_Send_Temperature
                0x0000000008002214      0x11e ./Core/Src/can.o
                0x0000000008002214                CAN_Send_Temperature
 .text.CAN_Send_Cell_Summary
                0x0000000008002332       0x96 ./Core/Src/can.o
                0x0000000008002332                CAN_Send_Cell_Summary
 .text.CAN_Send_Safety_Checker
                0x00000000080023c8       0x40 ./Core/Src/can.o
                0x00000000080023c8                CAN_Send_Safety_Checker
 .text.MX_GPIO_Init
                0x0000000008002408      0x174 ./Core/Src/gpio.o
                0x0000000008002408                MX_GPIO_Init
 .text.main     0x000000000800257c      0x1ec ./Core/Src/main.o
                0x000000000800257c                main
 .text.SystemClock_Config
                0x0000000008002768       0xd8 ./Core/Src/main.o
                0x0000000008002768                SystemClock_Config
 .text.GpioTimePacket_Init
                0x0000000008002840       0x3a ./Core/Src/main.o
                0x0000000008002840                GpioTimePacket_Init
 .text.GpioFixedToggle
                0x000000000800287a       0x46 ./Core/Src/main.o
                0x000000000800287a                GpioFixedToggle
 .text.TimerPacket_Init
                0x00000000080028c0       0x26 ./Core/Src/main.o
                0x00000000080028c0                TimerPacket_Init
 .text.TimerPacket_FixedPulse
                0x00000000080028e6       0x3a ./Core/Src/main.o
                0x00000000080028e6                TimerPacket_FixedPulse
 .text.Error_Handler
                0x0000000008002920        0xa ./Core/Src/main.o
                0x0000000008002920                Error_Handler
 *fill*         0x000000000800292a        0x2 
 .text.getActualTemps
                0x000000000800292c      0x128 ./Core/Src/module.o
                0x000000000800292c                getActualTemps
 .text.readVolt
                0x0000000008002a54       0x2a ./Core/Src/module.o
                0x0000000008002a54                readVolt
 *fill*         0x0000000008002a7e        0x2 
 .text.readTemp
                0x0000000008002a80       0x90 ./Core/Src/module.o
                0x0000000008002a80                readTemp
 .text.print    0x0000000008002b10       0xf4 ./Core/Src/print.o
                0x0000000008002b10                print
 .text.cellSummary
                0x0000000008002c04      0x10e ./Core/Src/safety.o
                0x0000000008002c04                cellSummary
 .text.fault_and_warning
                0x0000000008002d12       0xda ./Core/Src/safety.o
                0x0000000008002d12                fault_and_warning
 .text.MX_SPI1_Init
                0x0000000008002dec       0x6c ./Core/Src/spi.o
                0x0000000008002dec                MX_SPI1_Init
 .text.HAL_SPI_MspInit
                0x0000000008002e58       0x94 ./Core/Src/spi.o
                0x0000000008002e58                HAL_SPI_MspInit
 .text.LTC_nCS_High
                0x0000000008002eec       0x18 ./Core/Src/spi.o
                0x0000000008002eec                LTC_nCS_High
 .text.LTC_nCS_Low
                0x0000000008002f04       0x18 ./Core/Src/spi.o
                0x0000000008002f04                LTC_nCS_Low
 .text.HAL_MspInit
                0x0000000008002f1c       0x64 ./Core/Src/stm32f1xx_hal_msp.o
                0x0000000008002f1c                HAL_MspInit
 .text.NMI_Handler
                0x0000000008002f80        0x6 ./Core/Src/stm32f1xx_it.o
                0x0000000008002f80                NMI_Handler
 .text.HardFault_Handler
                0x0000000008002f86        0x6 ./Core/Src/stm32f1xx_it.o
                0x0000000008002f86                HardFault_Handler
 .text.MemManage_Handler
                0x0000000008002f8c        0x6 ./Core/Src/stm32f1xx_it.o
                0x0000000008002f8c                MemManage_Handler
 .text.BusFault_Handler
                0x0000000008002f92        0x6 ./Core/Src/stm32f1xx_it.o
                0x0000000008002f92                BusFault_Handler
 .text.UsageFault_Handler
                0x0000000008002f98        0x6 ./Core/Src/stm32f1xx_it.o
                0x0000000008002f98                UsageFault_Handler
 .text.SVC_Handler
                0x0000000008002f9e        0xc ./Core/Src/stm32f1xx_it.o
                0x0000000008002f9e                SVC_Handler
 .text.DebugMon_Handler
                0x0000000008002faa        0xc ./Core/Src/stm32f1xx_it.o
                0x0000000008002faa                DebugMon_Handler
 .text.PendSV_Handler
                0x0000000008002fb6        0xc ./Core/Src/stm32f1xx_it.o
                0x0000000008002fb6                PendSV_Handler
 .text.SysTick_Handler
                0x0000000008002fc2        0xc ./Core/Src/stm32f1xx_it.o
                0x0000000008002fc2                SysTick_Handler
 *fill*         0x0000000008002fce        0x2 
 .text.OTG_FS_IRQHandler
                0x0000000008002fd0       0x14 ./Core/Src/stm32f1xx_it.o
                0x0000000008002fd0                OTG_FS_IRQHandler
 .text._sbrk    0x0000000008002fe4       0x6c ./Core/Src/sysmem.o
                0x0000000008002fe4                _sbrk
 .text.SystemInit
                0x0000000008003050        0xc ./Core/Src/system_stm32f1xx.o
                0x0000000008003050                SystemInit
 .text.MX_TIM7_Init
                0x000000000800305c       0x6c ./Core/Src/tim.o
                0x000000000800305c                MX_TIM7_Init
 .text.HAL_TIM_Base_MspInit
                0x00000000080030c8       0x3c ./Core/Src/tim.o
                0x00000000080030c8                HAL_TIM_Base_MspInit
 .text.Reset_Handler
                0x0000000008003104       0x48 ./Core/Startup/startup_stm32f105rbtx.o
                0x0000000008003104                Reset_Handler
 .text.Default_Handler
                0x000000000800314c        0x2 ./Core/Startup/startup_stm32f105rbtx.o
                0x000000000800314c                RTC_Alarm_IRQHandler
                0x000000000800314c                EXTI2_IRQHandler
                0x000000000800314c                TIM1_CC_IRQHandler
                0x000000000800314c                TIM6_IRQHandler
                0x000000000800314c                PVD_IRQHandler
                0x000000000800314c                CAN2_RX1_IRQHandler
                0x000000000800314c                EXTI3_IRQHandler
                0x000000000800314c                EXTI0_IRQHandler
                0x000000000800314c                I2C2_EV_IRQHandler
                0x000000000800314c                CAN1_RX0_IRQHandler
                0x000000000800314c                CAN2_SCE_IRQHandler
                0x000000000800314c                ADC1_2_IRQHandler
                0x000000000800314c                SPI1_IRQHandler
                0x000000000800314c                TAMPER_IRQHandler
                0x000000000800314c                CAN2_RX0_IRQHandler
                0x000000000800314c                DMA2_Channel2_IRQHandler
                0x000000000800314c                DMA1_Channel4_IRQHandler
                0x000000000800314c                USART3_IRQHandler
                0x000000000800314c                RTC_IRQHandler
                0x000000000800314c                DMA1_Channel7_IRQHandler
                0x000000000800314c                CAN1_RX1_IRQHandler
                0x000000000800314c                UART5_IRQHandler
                0x000000000800314c                TIM4_IRQHandler
                0x000000000800314c                DMA2_Channel1_IRQHandler
                0x000000000800314c                I2C1_EV_IRQHandler
                0x000000000800314c                DMA1_Channel6_IRQHandler
                0x000000000800314c                UART4_IRQHandler
                0x000000000800314c                DMA2_Channel4_IRQHandler
                0x000000000800314c                TIM3_IRQHandler
                0x000000000800314c                RCC_IRQHandler
                0x000000000800314c                TIM1_TRG_COM_IRQHandler
                0x000000000800314c                DMA1_Channel1_IRQHandler
                0x000000000800314c                Default_Handler
                0x000000000800314c                EXTI15_10_IRQHandler
                0x000000000800314c                TIM7_IRQHandler
                0x000000000800314c                CAN2_TX_IRQHandler
                0x000000000800314c                TIM5_IRQHandler
                0x000000000800314c                EXTI9_5_IRQHandler
                0x000000000800314c                SPI2_IRQHandler
                0x000000000800314c                CAN1_TX_IRQHandler
                0x000000000800314c                DMA2_Channel5_IRQHandler
                0x000000000800314c                DMA1_Channel5_IRQHandler
                0x000000000800314c                EXTI4_IRQHandler
                0x000000000800314c                DMA1_Channel3_IRQHandler
                0x000000000800314c                TIM1_UP_IRQHandler
                0x000000000800314c                WWDG_IRQHandler
                0x000000000800314c                TIM2_IRQHandler
                0x000000000800314c                OTG_FS_WKUP_IRQHandler
                0x000000000800314c                TIM1_BRK_IRQHandler
                0x000000000800314c                EXTI1_IRQHandler
                0x000000000800314c                USART2_IRQHandler
                0x000000000800314c                I2C2_ER_IRQHandler
                0x000000000800314c                DMA1_Channel2_IRQHandler
                0x000000000800314c                CAN1_SCE_IRQHandler
                0x000000000800314c                FLASH_IRQHandler
                0x000000000800314c                USART1_IRQHandler
                0x000000000800314c                SPI3_IRQHandler
                0x000000000800314c                I2C1_ER_IRQHandler
                0x000000000800314c                DMA2_Channel3_IRQHandler
 *fill*         0x000000000800314e        0x2 
 .text.HAL_Init
                0x0000000008003150       0x2c ./Drivers/STM32F1xx_HAL_Driver/Src/stm32f1xx_hal.o
                0x0000000008003150                HAL_Init
 .text.HAL_InitTick
                0x000000000800317c       0x60 ./Drivers/STM32F1xx_HAL_Driver/Src/stm32f1xx_hal.o
                0x000000000800317c                HAL_InitTick
 .text.HAL_IncTick
                0x00000000080031dc       0x24 ./Drivers/STM32F1xx_HAL_Driver/Src/stm32f1xx_hal.o
                0x00000000080031dc                HAL_IncTick
 .text.HAL_GetTick
                0x0000000008003200       0x14 ./Drivers/STM32F1xx_HAL_Driver/Src/stm32f1xx_hal.o
                0x0000000008003200                HAL_GetTick
 .text.HAL_Delay
                0x0000000008003214       0x48 ./Drivers/STM32F1xx_HAL_Driver/Src/stm32f1xx_hal.o
                0x0000000008003214                HAL_Delay
 .text.HAL_ADC_Init
                0x000000000800325c      0x1b0 ./Drivers/STM32F1xx_HAL_Driver/Src/stm32f1xx_hal_adc.o
                0x000000000800325c                HAL_ADC_Init
 .text.HAL_ADC_ConfigChannel
                0x000000000800340c      0x1f0 ./Drivers/STM32F1xx_HAL_Driver/Src/stm32f1xx_hal_adc.o
                0x000000000800340c                HAL_ADC_ConfigChannel
 .text.ADC_ConversionStop_Disable
                0x00000000080035fc       0x82 ./Drivers/STM32F1xx_HAL_Driver/Src/stm32f1xx_hal_adc.o
                0x00000000080035fc                ADC_ConversionStop_Disable
 .text.HAL_CAN_Init
                0x000000000800367e      0x1f6 ./Drivers/STM32F1xx_HAL_Driver/Src/stm32f1xx_hal_can.o
                0x000000000800367e                HAL_CAN_Init
 .text.HAL_CAN_Start
                0x0000000008003874       0x88 ./Drivers/STM32F1xx_HAL_Driver/Src/stm32f1xx_hal_can.o
                0x0000000008003874                HAL_CAN_Start
 .text.HAL_CAN_AddTxMessage
                0x00000000080038fc      0x19e ./Drivers/STM32F1xx_HAL_Driver/Src/stm32f1xx_hal_can.o
                0x00000000080038fc                HAL_CAN_AddTxMessage
 .text.HAL_CAN_ActivateNotification
                0x0000000008003a9a       0x4a ./Drivers/STM32F1xx_HAL_Driver/Src/stm32f1xx_hal_can.o
                0x0000000008003a9a                HAL_CAN_ActivateNotification
 .text.__NVIC_SetPriorityGrouping
                0x0000000008003ae4       0x48 ./Drivers/STM32F1xx_HAL_Driver/Src/stm32f1xx_hal_cortex.o
 .text.__NVIC_GetPriorityGrouping
                0x0000000008003b2c       0x1c ./Drivers/STM32F1xx_HAL_Driver/Src/stm32f1xx_hal_cortex.o
 .text.__NVIC_EnableIRQ
                0x0000000008003b48       0x38 ./Drivers/STM32F1xx_HAL_Driver/Src/stm32f1xx_hal_cortex.o
 .text.__NVIC_SetPriority
                0x0000000008003b80       0x54 ./Drivers/STM32F1xx_HAL_Driver/Src/stm32f1xx_hal_cortex.o
 .text.NVIC_EncodePriority
                0x0000000008003bd4       0x64 ./Drivers/STM32F1xx_HAL_Driver/Src/stm32f1xx_hal_cortex.o
 .text.SysTick_Config
                0x0000000008003c38       0x44 ./Drivers/STM32F1xx_HAL_Driver/Src/stm32f1xx_hal_cortex.o
 .text.HAL_NVIC_SetPriorityGrouping
                0x0000000008003c7c       0x16 ./Drivers/STM32F1xx_HAL_Driver/Src/stm32f1xx_hal_cortex.o
                0x0000000008003c7c                HAL_NVIC_SetPriorityGrouping
 .text.HAL_NVIC_SetPriority
                0x0000000008003c92       0x38 ./Drivers/STM32F1xx_HAL_Driver/Src/stm32f1xx_hal_cortex.o
                0x0000000008003c92                HAL_NVIC_SetPriority
 .text.HAL_NVIC_EnableIRQ
                0x0000000008003cca       0x1c ./Drivers/STM32F1xx_HAL_Driver/Src/stm32f1xx_hal_cortex.o
                0x0000000008003cca                HAL_NVIC_EnableIRQ
 .text.HAL_SYSTICK_Config
                0x0000000008003ce6       0x18 ./Drivers/STM32F1xx_HAL_Driver/Src/stm32f1xx_hal_cortex.o
                0x0000000008003ce6                HAL_SYSTICK_Config
 *fill*         0x0000000008003cfe        0x2 
 .text.HAL_GPIO_Init
                0x0000000008003d00      0x308 ./Drivers/STM32F1xx_HAL_Driver/Src/stm32f1xx_hal_gpio.o
                0x0000000008003d00                HAL_GPIO_Init
 .text.HAL_GPIO_WritePin
                0x0000000008004008       0x30 ./Drivers/STM32F1xx_HAL_Driver/Src/stm32f1xx_hal_gpio.o
                0x0000000008004008                HAL_GPIO_WritePin
 .text.HAL_GPIO_TogglePin
                0x0000000008004038       0x32 ./Drivers/STM32F1xx_HAL_Driver/Src/stm32f1xx_hal_gpio.o
                0x0000000008004038                HAL_GPIO_TogglePin
 .text.HAL_PCD_Init
                0x000000000800406a      0x23a ./Drivers/STM32F1xx_HAL_Driver/Src/stm32f1xx_hal_pcd.o
                0x000000000800406a                HAL_PCD_Init
 .text.HAL_PCD_Start
                0x00000000080042a4       0x44 ./Drivers/STM32F1xx_HAL_Driver/Src/stm32f1xx_hal_pcd.o
                0x00000000080042a4                HAL_PCD_Start
 .text.HAL_PCD_IRQHandler
                0x00000000080042e8      0x8b0 ./Drivers/STM32F1xx_HAL_Driver/Src/stm32f1xx_hal_pcd.o
                0x00000000080042e8                HAL_PCD_IRQHandler
 .text.HAL_PCD_SetAddress
                0x0000000008004b98       0x4a ./Drivers/STM32F1xx_HAL_Driver/Src/stm32f1xx_hal_pcd.o
                0x0000000008004b98                HAL_PCD_SetAddress
 .text.HAL_PCD_EP_Open
                0x0000000008004be2       0xd0 ./Drivers/STM32F1xx_HAL_Driver/Src/stm32f1xx_hal_pcd.o
                0x0000000008004be2                HAL_PCD_EP_Open
 .text.HAL_PCD_EP_Close
                0x0000000008004cb2       0x94 ./Drivers/STM32F1xx_HAL_Driver/Src/stm32f1xx_hal_pcd.o
                0x0000000008004cb2                HAL_PCD_EP_Close
 .text.HAL_PCD_EP_Receive
                0x0000000008004d46       0x64 ./Drivers/STM32F1xx_HAL_Driver/Src/stm32f1xx_hal_pcd.o
                0x0000000008004d46                HAL_PCD_EP_Receive
 .text.HAL_PCD_EP_GetRxCount
                0x0000000008004daa       0x2e ./Drivers/STM32F1xx_HAL_Driver/Src/stm32f1xx_hal_pcd.o
                0x0000000008004daa                HAL_PCD_EP_GetRxCount
 .text.HAL_PCD_EP_Transmit
                0x0000000008004dd8       0x62 ./Drivers/STM32F1xx_HAL_Driver/Src/stm32f1xx_hal_pcd.o
                0x0000000008004dd8                HAL_PCD_EP_Transmit
 .text.HAL_PCD_EP_SetStall
                0x0000000008004e3a       0xc4 ./Drivers/STM32F1xx_HAL_Driver/Src/stm32f1xx_hal_pcd.o
                0x0000000008004e3a                HAL_PCD_EP_SetStall
 .text.HAL_PCD_EP_ClrStall
                0x0000000008004efe       0xac ./Drivers/STM32F1xx_HAL_Driver/Src/stm32f1xx_hal_pcd.o
                0x0000000008004efe                HAL_PCD_EP_ClrStall
 .text.HAL_PCD_EP_Abort
                0x0000000008004faa       0x62 ./Drivers/STM32F1xx_HAL_Driver/Src/stm32f1xx_hal_pcd.o
                0x0000000008004faa                HAL_PCD_EP_Abort
 .text.PCD_WriteEmptyTxFifo
                0x000000000800500c      0x110 ./Drivers/STM32F1xx_HAL_Driver/Src/stm32f1xx_hal_pcd.o
 .text.PCD_EP_OutXfrComplete_int
                0x000000000800511c       0x9c ./Drivers/STM32F1xx_HAL_Driver/Src/stm32f1xx_hal_pcd.o
 .text.PCD_EP_OutSetupPacket_int
                0x00000000080051b8       0x68 ./Drivers/STM32F1xx_HAL_Driver/Src/stm32f1xx_hal_pcd.o
 .text.HAL_PCDEx_SetTxFiFo
                0x0000000008005220       0x8c ./Drivers/STM32F1xx_HAL_Driver/Src/stm32f1xx_hal_pcd_ex.o
                0x0000000008005220                HAL_PCDEx_SetTxFiFo
 .text.HAL_PCDEx_SetRxFiFo
                0x00000000080052ac       0x20 ./Drivers/STM32F1xx_HAL_Driver/Src/stm32f1xx_hal_pcd_ex.o
                0x00000000080052ac                HAL_PCDEx_SetRxFiFo
 .text.HAL_RCC_OscConfig
                0x00000000080052cc      0x62c ./Drivers/STM32F1xx_HAL_Driver/Src/stm32f1xx_hal_rcc.o
                0x00000000080052cc                HAL_RCC_OscConfig
 .text.HAL_RCC_ClockConfig
                0x00000000080058f8      0x1d4 ./Drivers/STM32F1xx_HAL_Driver/Src/stm32f1xx_hal_rcc.o
                0x00000000080058f8                HAL_RCC_ClockConfig
 .text.HAL_RCC_GetSysClockFreq
                0x0000000008005acc      0x178 ./Drivers/STM32F1xx_HAL_Driver/Src/stm32f1xx_hal_rcc.o
                0x0000000008005acc                HAL_RCC_GetSysClockFreq
 .text.HAL_RCC_GetHCLKFreq
                0x0000000008005c44       0x14 ./Drivers/STM32F1xx_HAL_Driver/Src/stm32f1xx_hal_rcc.o
                0x0000000008005c44                HAL_RCC_GetHCLKFreq
 .text.RCC_Delay
                0x0000000008005c58       0x3c ./Drivers/STM32F1xx_HAL_Driver/Src/stm32f1xx_hal_rcc.o
 .text.HAL_RCCEx_PeriphCLKConfig
                0x0000000008005c94      0x264 ./Drivers/STM32F1xx_HAL_Driver/Src/stm32f1xx_hal_rcc_ex.o
                0x0000000008005c94                HAL_RCCEx_PeriphCLKConfig
 .text.HAL_SPI_Init
                0x0000000008005ef8      0x108 ./Drivers/STM32F1xx_HAL_Driver/Src/stm32f1xx_hal_spi.o
                0x0000000008005ef8                HAL_SPI_Init
 .text.HAL_SPI_Transmit
                0x0000000008006000      0x286 ./Drivers/STM32F1xx_HAL_Driver/Src/stm32f1xx_hal_spi.o
                0x0000000008006000                HAL_SPI_Transmit
 .text.HAL_SPI_Receive
                0x0000000008006286      0x230 ./Drivers/STM32F1xx_HAL_Driver/Src/stm32f1xx_hal_spi.o
                0x0000000008006286                HAL_SPI_Receive
 .text.HAL_SPI_TransmitReceive
                0x00000000080064b6      0x360 ./Drivers/STM32F1xx_HAL_Driver/Src/stm32f1xx_hal_spi.o
                0x00000000080064b6                HAL_SPI_TransmitReceive
 *fill*         0x0000000008006816        0x2 
 .text.SPI_WaitFlagStateUntilTimeout
                0x0000000008006818      0x110 ./Drivers/STM32F1xx_HAL_Driver/Src/stm32f1xx_hal_spi.o
 .text.SPI_EndRxTransaction
                0x0000000008006928       0xa4 ./Drivers/STM32F1xx_HAL_Driver/Src/stm32f1xx_hal_spi.o
 .text.SPI_EndRxTxTransaction
                0x00000000080069cc       0x3c ./Drivers/STM32F1xx_HAL_Driver/Src/stm32f1xx_hal_spi.o
 .text.HAL_TIM_Base_Init
                0x0000000008006a08       0x9e ./Drivers/STM32F1xx_HAL_Driver/Src/stm32f1xx_hal_tim.o
                0x0000000008006a08                HAL_TIM_Base_Init
 *fill*         0x0000000008006aa6        0x2 
 .text.TIM_Base_SetConfig
                0x0000000008006aa8       0xd8 ./Drivers/STM32F1xx_HAL_Driver/Src/stm32f1xx_hal_tim.o
                0x0000000008006aa8                TIM_Base_SetConfig
 .text.HAL_TIMEx_MasterConfigSynchronization
                0x0000000008006b80       0xcc ./Drivers/STM32F1xx_HAL_Driver/Src/stm32f1xx_hal_tim_ex.o
                0x0000000008006b80                HAL_TIMEx_MasterConfigSynchronization
 .text.USB_CoreInit
                0x0000000008006c4c       0x44 ./Drivers/STM32F1xx_HAL_Driver/Src/stm32f1xx_ll_usb.o
                0x0000000008006c4c                USB_CoreInit
 .text.USB_SetTurnaroundTime
                0x0000000008006c90      0x138 ./Drivers/STM32F1xx_HAL_Driver/Src/stm32f1xx_ll_usb.o
                0x0000000008006c90                USB_SetTurnaroundTime
 .text.USB_EnableGlobalInt
                0x0000000008006dc8       0x20 ./Drivers/STM32F1xx_HAL_Driver/Src/stm32f1xx_ll_usb.o
                0x0000000008006dc8                USB_EnableGlobalInt
 .text.USB_DisableGlobalInt
                0x0000000008006de8       0x20 ./Drivers/STM32F1xx_HAL_Driver/Src/stm32f1xx_ll_usb.o
                0x0000000008006de8                USB_DisableGlobalInt
 .text.USB_SetCurrentMode
                0x0000000008006e08       0x98 ./Drivers/STM32F1xx_HAL_Driver/Src/stm32f1xx_ll_usb.o
                0x0000000008006e08                USB_SetCurrentMode
 .text.USB_DevInit
                0x0000000008006ea0      0x244 ./Drivers/STM32F1xx_HAL_Driver/Src/stm32f1xx_ll_usb.o
                0x0000000008006ea0                USB_DevInit
 .text.USB_FlushTxFifo
                0x00000000080070e4       0x68 ./Drivers/STM32F1xx_HAL_Driver/Src/stm32f1xx_ll_usb.o
                0x00000000080070e4                USB_FlushTxFifo
 .text.USB_FlushRxFifo
                0x000000000800714c       0x60 ./Drivers/STM32F1xx_HAL_Driver/Src/stm32f1xx_ll_usb.o
                0x000000000800714c                USB_FlushRxFifo
 .text.USB_SetDevSpeed
                0x00000000080071ac       0x30 ./Drivers/STM32F1xx_HAL_Driver/Src/stm32f1xx_ll_usb.o
                0x00000000080071ac                USB_SetDevSpeed
 .text.USB_GetDevSpeed
                0x00000000080071dc       0x3c ./Drivers/STM32F1xx_HAL_Driver/Src/stm32f1xx_ll_usb.o
                0x00000000080071dc                USB_GetDevSpeed
 .text.USB_ActivateEndpoint
                0x0000000008007218      0x10c ./Drivers/STM32F1xx_HAL_Driver/Src/stm32f1xx_ll_usb.o
                0x0000000008007218                USB_ActivateEndpoint
 .text.USB_DeactivateEndpoint
                0x0000000008007324      0x1b8 ./Drivers/STM32F1xx_HAL_Driver/Src/stm32f1xx_ll_usb.o
                0x0000000008007324                USB_DeactivateEndpoint
 .text.USB_EPStartXfer
                0x00000000080074dc      0x464 ./Drivers/STM32F1xx_HAL_Driver/Src/stm32f1xx_ll_usb.o
                0x00000000080074dc                USB_EPStartXfer
 .text.USB_EPStopXfer
                0x0000000008007940      0x152 ./Drivers/STM32F1xx_HAL_Driver/Src/stm32f1xx_ll_usb.o
                0x0000000008007940                USB_EPStopXfer
 .text.USB_WritePacket
                0x0000000008007a92       0x72 ./Drivers/STM32F1xx_HAL_Driver/Src/stm32f1xx_ll_usb.o
                0x0000000008007a92                USB_WritePacket
 .text.USB_ReadPacket
                0x0000000008007b04       0xae ./Drivers/STM32F1xx_HAL_Driver/Src/stm32f1xx_ll_usb.o
                0x0000000008007b04                USB_ReadPacket
 .text.USB_EPSetStall
                0x0000000008007bb2       0xda ./Drivers/STM32F1xx_HAL_Driver/Src/stm32f1xx_ll_usb.o
                0x0000000008007bb2                USB_EPSetStall
 .text.USB_EPClearStall
                0x0000000008007c8c       0xca ./Drivers/STM32F1xx_HAL_Driver/Src/stm32f1xx_ll_usb.o
                0x0000000008007c8c                USB_EPClearStall
 .text.USB_SetDevAddress
                0x0000000008007d56       0x4a ./Drivers/STM32F1xx_HAL_Driver/Src/stm32f1xx_ll_usb.o
                0x0000000008007d56                USB_SetDevAddress
 .text.USB_DevConnect
                0x0000000008007da0       0x40 ./Drivers/STM32F1xx_HAL_Driver/Src/stm32f1xx_ll_usb.o
                0x0000000008007da0                USB_DevConnect
 .text.USB_DevDisconnect
                0x0000000008007de0       0x40 ./Drivers/STM32F1xx_HAL_Driver/Src/stm32f1xx_ll_usb.o
                0x0000000008007de0                USB_DevDisconnect
 .text.USB_ReadInterrupts
                0x0000000008007e20       0x24 ./Drivers/STM32F1xx_HAL_Driver/Src/stm32f1xx_ll_usb.o
                0x0000000008007e20                USB_ReadInterrupts
 .text.USB_ReadDevAllOutEpInterrupt
                0x0000000008007e44       0x32 ./Drivers/STM32F1xx_HAL_Driver/Src/stm32f1xx_ll_usb.o
                0x0000000008007e44                USB_ReadDevAllOutEpInterrupt
 .text.USB_ReadDevAllInEpInterrupt
                0x0000000008007e76       0x32 ./Drivers/STM32F1xx_HAL_Driver/Src/stm32f1xx_ll_usb.o
                0x0000000008007e76                USB_ReadDevAllInEpInterrupt
 .text.USB_ReadDevOutEPInterrupt
                0x0000000008007ea8       0x3a ./Drivers/STM32F1xx_HAL_Driver/Src/stm32f1xx_ll_usb.o
                0x0000000008007ea8                USB_ReadDevOutEPInterrupt
 .text.USB_ReadDevInEPInterrupt
                0x0000000008007ee2       0x5a ./Drivers/STM32F1xx_HAL_Driver/Src/stm32f1xx_ll_usb.o
                0x0000000008007ee2                USB_ReadDevInEPInterrupt
 .text.USB_GetMode
                0x0000000008007f3c       0x1a ./Drivers/STM32F1xx_HAL_Driver/Src/stm32f1xx_ll_usb.o
                0x0000000008007f3c                USB_GetMode
 .text.USB_ActivateSetup
                0x0000000008007f56       0x44 ./Drivers/STM32F1xx_HAL_Driver/Src/stm32f1xx_ll_usb.o
                0x0000000008007f56                USB_ActivateSetup
 *fill*         0x0000000008007f9a        0x2 
 .text.USB_EP0_OutStart
                0x0000000008007f9c       0x90 ./Drivers/STM32F1xx_HAL_Driver/Src/stm32f1xx_ll_usb.o
                0x0000000008007f9c                USB_EP0_OutStart
 .text.USB_CoreReset
                0x000000000800802c       0x64 ./Drivers/STM32F1xx_HAL_Driver/Src/stm32f1xx_ll_usb.o
 .text.USBD_CDC_Init
                0x0000000008008090       0xf4 ./Middlewares/ST/STM32_USB_Device_Library/Class/CDC/Src/usbd_cdc.o
 .text.USBD_CDC_DeInit
                0x0000000008008184       0x6e ./Middlewares/ST/STM32_USB_Device_Library/Class/CDC/Src/usbd_cdc.o
 .text.USBD_CDC_Setup
                0x00000000080081f2      0x146 ./Middlewares/ST/STM32_USB_Device_Library/Class/CDC/Src/usbd_cdc.o
 .text.USBD_CDC_DataIn
                0x0000000008008338       0xa6 ./Middlewares/ST/STM32_USB_Device_Library/Class/CDC/Src/usbd_cdc.o
 .text.USBD_CDC_DataOut
                0x00000000080083de       0x56 ./Middlewares/ST/STM32_USB_Device_Library/Class/CDC/Src/usbd_cdc.o
 .text.USBD_CDC_EP0_RxReady
                0x0000000008008434       0x50 ./Middlewares/ST/STM32_USB_Device_Library/Class/CDC/Src/usbd_cdc.o
 .text.USBD_CDC_GetFSCfgDesc
                0x0000000008008484       0x20 ./Middlewares/ST/STM32_USB_Device_Library/Class/CDC/Src/usbd_cdc.o
 .text.USBD_CDC_GetHSCfgDesc
                0x00000000080084a4       0x20 ./Middlewares/ST/STM32_USB_Device_Library/Class/CDC/Src/usbd_cdc.o
 .text.USBD_CDC_GetOtherSpeedCfgDesc
                0x00000000080084c4       0x20 ./Middlewares/ST/STM32_USB_Device_Library/Class/CDC/Src/usbd_cdc.o
 .text.USBD_CDC_GetDeviceQualifierDescriptor
                0x00000000080084e4       0x20 ./Middlewares/ST/STM32_USB_Device_Library/Class/CDC/Src/usbd_cdc.o
                0x00000000080084e4                USBD_CDC_GetDeviceQualifierDescriptor
 .text.USBD_CDC_RegisterInterface
                0x0000000008008504       0x2c ./Middlewares/ST/STM32_USB_Device_Library/Class/CDC/Src/usbd_cdc.o
                0x0000000008008504                USBD_CDC_RegisterInterface
 .text.USBD_CDC_SetTxBuffer
                0x0000000008008530       0x32 ./Middlewares/ST/STM32_USB_Device_Library/Class/CDC/Src/usbd_cdc.o
                0x0000000008008530                USBD_CDC_SetTxBuffer
 .text.USBD_CDC_SetRxBuffer
                0x0000000008008562       0x26 ./Middlewares/ST/STM32_USB_Device_Library/Class/CDC/Src/usbd_cdc.o
                0x0000000008008562                USBD_CDC_SetRxBuffer
 .text.USBD_CDC_TransmitPacket
                0x0000000008008588       0x5e ./Middlewares/ST/STM32_USB_Device_Library/Class/CDC/Src/usbd_cdc.o
                0x0000000008008588                USBD_CDC_TransmitPacket
 .text.USBD_CDC_ReceivePacket
                0x00000000080085e6       0x54 ./Middlewares/ST/STM32_USB_Device_Library/Class/CDC/Src/usbd_cdc.o
                0x00000000080085e6                USBD_CDC_ReceivePacket
 .text.USBD_Init
                0x000000000800863a       0x56 ./Middlewares/ST/STM32_USB_Device_Library/Core/Src/usbd_core.o
                0x000000000800863a                USBD_Init
 .text.USBD_RegisterClass
                0x0000000008008690       0x32 ./Middlewares/ST/STM32_USB_Device_Library/Core/Src/usbd_core.o
                0x0000000008008690                USBD_RegisterClass
 .text.USBD_Start
                0x00000000080086c2       0x18 ./Middlewares/ST/STM32_USB_Device_Library/Core/Src/usbd_core.o
                0x00000000080086c2                USBD_Start
 .text.USBD_RunTestMode
                0x00000000080086da       0x14 ./Middlewares/ST/STM32_USB_Device_Library/Core/Src/usbd_core.o
                0x00000000080086da                USBD_RunTestMode
 .text.USBD_SetClassConfig
                0x00000000080086ee       0x3e ./Middlewares/ST/STM32_USB_Device_Library/Core/Src/usbd_core.o
                0x00000000080086ee                USBD_SetClassConfig
 .text.USBD_ClrClassConfig
                0x000000000800872c       0x26 ./Middlewares/ST/STM32_USB_Device_Library/Core/Src/usbd_core.o
                0x000000000800872c                USBD_ClrClassConfig
 .text.USBD_LL_SetupStage
                0x0000000008008752       0x9a ./Middlewares/ST/STM32_USB_Device_Library/Core/Src/usbd_core.o
                0x0000000008008752                USBD_LL_SetupStage
 .text.USBD_LL_DataOutStage
                0x00000000080087ec       0xe2 ./Middlewares/ST/STM32_USB_Device_Library/Core/Src/usbd_core.o
                0x00000000080087ec                USBD_LL_DataOutStage
 .text.USBD_LL_DataInStage
                0x00000000080088ce      0x14a ./Middlewares/ST/STM32_USB_Device_Library/Core/Src/usbd_core.o
                0x00000000080088ce                USBD_LL_DataInStage
 .text.USBD_LL_Reset
                0x0000000008008a18       0x82 ./Middlewares/ST/STM32_USB_Device_Library/Core/Src/usbd_core.o
                0x0000000008008a18                USBD_LL_Reset
 .text.USBD_LL_SetSpeed
                0x0000000008008a9a       0x1e ./Middlewares/ST/STM32_USB_Device_Library/Core/Src/usbd_core.o
                0x0000000008008a9a                USBD_LL_SetSpeed
 .text.USBD_LL_Suspend
                0x0000000008008ab8       0x28 ./Middlewares/ST/STM32_USB_Device_Library/Core/Src/usbd_core.o
                0x0000000008008ab8                USBD_LL_Suspend
 .text.USBD_LL_Resume
                0x0000000008008ae0       0x2a ./Middlewares/ST/STM32_USB_Device_Library/Core/Src/usbd_core.o
                0x0000000008008ae0                USBD_LL_Resume
 .text.USBD_LL_SOF
                0x0000000008008b0a       0x34 ./Middlewares/ST/STM32_USB_Device_Library/Core/Src/usbd_core.o
                0x0000000008008b0a                USBD_LL_SOF
 .text.USBD_LL_IsoINIncomplete
                0x0000000008008b3e       0x18 ./Middlewares/ST/STM32_USB_Device_Library/Core/Src/usbd_core.o
                0x0000000008008b3e                USBD_LL_IsoINIncomplete
 .text.USBD_LL_IsoOUTIncomplete
                0x0000000008008b56       0x18 ./Middlewares/ST/STM32_USB_Device_Library/Core/Src/usbd_core.o
                0x0000000008008b56                USBD_LL_IsoOUTIncomplete
 .text.USBD_LL_DevConnected
                0x0000000008008b6e       0x14 ./Middlewares/ST/STM32_USB_Device_Library/Core/Src/usbd_core.o
                0x0000000008008b6e                USBD_LL_DevConnected
 .text.USBD_LL_DevDisconnected
                0x0000000008008b82       0x2e ./Middlewares/ST/STM32_USB_Device_Library/Core/Src/usbd_core.o
                0x0000000008008b82                USBD_LL_DevDisconnected
 .text.USBD_StdDevReq
                0x0000000008008bb0       0xd4 ./Middlewares/ST/STM32_USB_Device_Library/Core/Src/usbd_ctlreq.o
                0x0000000008008bb0                USBD_StdDevReq
 .text.USBD_StdItfReq
                0x0000000008008c84       0x90 ./Middlewares/ST/STM32_USB_Device_Library/Core/Src/usbd_ctlreq.o
                0x0000000008008c84                USBD_StdItfReq
 .text.USBD_StdEPReq
                0x0000000008008d14      0x2c6 ./Middlewares/ST/STM32_USB_Device_Library/Core/Src/usbd_ctlreq.o
                0x0000000008008d14                USBD_StdEPReq
 *fill*         0x0000000008008fda        0x2 
 .text.USBD_GetDescriptor
                0x0000000008008fdc      0x2d0 ./Middlewares/ST/STM32_USB_Device_Library/Core/Src/usbd_ctlreq.o
 .text.USBD_SetAddress
                0x00000000080092ac       0x86 ./Middlewares/ST/STM32_USB_Device_Library/Core/Src/usbd_ctlreq.o
 *fill*         0x0000000008009332        0x2 
 .text.USBD_SetConfig
                0x0000000008009334      0x11c ./Middlewares/ST/STM32_USB_Device_Library/Core/Src/usbd_ctlreq.o
 .text.USBD_GetConfig
                0x0000000008009450       0x6a ./Middlewares/ST/STM32_USB_Device_Library/Core/Src/usbd_ctlreq.o
 .text.USBD_GetStatus
                0x00000000080094ba       0x66 ./Middlewares/ST/STM32_USB_Device_Library/Core/Src/usbd_ctlreq.o
 .text.USBD_SetFeature
                0x0000000008009520       0x28 ./Middlewares/ST/STM32_USB_Device_Library/Core/Src/usbd_ctlreq.o
 .text.USBD_ClrFeature
                0x0000000008009548       0x42 ./Middlewares/ST/STM32_USB_Device_Library/Core/Src/usbd_ctlreq.o
 .text.USBD_ParseSetupRequest
                0x000000000800958a       0x78 ./Middlewares/ST/STM32_USB_Device_Library/Core/Src/usbd_ctlreq.o
                0x000000000800958a                USBD_ParseSetupRequest
 .text.USBD_CtlError
                0x0000000008009602       0x22 ./Middlewares/ST/STM32_USB_Device_Library/Core/Src/usbd_ctlreq.o
                0x0000000008009602                USBD_CtlError
 .text.USBD_GetString
                0x0000000008009624       0x84 ./Middlewares/ST/STM32_USB_Device_Library/Core/Src/usbd_ctlreq.o
                0x0000000008009624                USBD_GetString
 .text.USBD_GetLen
                0x00000000080096a8       0x2e ./Middlewares/ST/STM32_USB_Device_Library/Core/Src/usbd_ctlreq.o
 .text.USBD_CtlSendData
                0x00000000080096d6       0x38 ./Middlewares/ST/STM32_USB_Device_Library/Core/Src/usbd_ioreq.o
                0x00000000080096d6                USBD_CtlSendData
 .text.USBD_CtlContinueSendData
                0x000000000800970e       0x24 ./Middlewares/ST/STM32_USB_Device_Library/Core/Src/usbd_ioreq.o
                0x000000000800970e                USBD_CtlContinueSendData
 .text.USBD_CtlPrepareRx
                0x0000000008009732       0x3c ./Middlewares/ST/STM32_USB_Device_Library/Core/Src/usbd_ioreq.o
                0x0000000008009732                USBD_CtlPrepareRx
 .text.USBD_CtlContinueRx
                0x000000000800976e       0x24 ./Middlewares/ST/STM32_USB_Device_Library/Core/Src/usbd_ioreq.o
                0x000000000800976e                USBD_CtlContinueRx
 .text.USBD_CtlSendStatus
                0x0000000008009792       0x26 ./Middlewares/ST/STM32_USB_Device_Library/Core/Src/usbd_ioreq.o
                0x0000000008009792                USBD_CtlSendStatus
 .text.USBD_CtlReceiveStatus
                0x00000000080097b8       0x26 ./Middlewares/ST/STM32_USB_Device_Library/Core/Src/usbd_ioreq.o
                0x00000000080097b8                USBD_CtlReceiveStatus
 .text.USB_Transmit
                0x00000000080097de       0x1e ./USB_DEVICE/App/usb_device.o
                0x00000000080097de                USB_Transmit
 .text.MX_USB_DEVICE_Init
                0x00000000080097fc       0x60 ./USB_DEVICE/App/usb_device.o
                0x00000000080097fc                MX_USB_DEVICE_Init
 .text.CDC_Init_FS
                0x000000000800985c       0x28 ./USB_DEVICE/App/usbd_cdc_if.o
 .text.CDC_DeInit_FS
                0x0000000008009884        0xe ./USB_DEVICE/App/usbd_cdc_if.o
 *fill*         0x0000000008009892        0x2 
 .text.CDC_Control_FS
                0x0000000008009894       0xbc ./USB_DEVICE/App/usbd_cdc_if.o
 .text.CDC_Receive_FS
                0x0000000008009950       0x28 ./USB_DEVICE/App/usbd_cdc_if.o
 .text.CDC_Transmit_FS
                0x0000000008009978       0x4c ./USB_DEVICE/App/usbd_cdc_if.o
                0x0000000008009978                CDC_Transmit_FS
 .text.USBD_FS_DeviceDescriptor
                0x00000000080099c4       0x24 ./USB_DEVICE/App/usbd_desc.o
                0x00000000080099c4                USBD_FS_DeviceDescriptor
 .text.USBD_FS_LangIDStrDescriptor
                0x00000000080099e8       0x24 ./USB_DEVICE/App/usbd_desc.o
                0x00000000080099e8                USBD_FS_LangIDStrDescriptor
 .text.USBD_FS_ProductStrDescriptor
                0x0000000008009a0c       0x3c ./USB_DEVICE/App/usbd_desc.o
                0x0000000008009a0c                USBD_FS_ProductStrDescriptor
 .text.USBD_FS_ManufacturerStrDescriptor
                0x0000000008009a48       0x28 ./USB_DEVICE/App/usbd_desc.o
                0x0000000008009a48                USBD_FS_ManufacturerStrDescriptor
 .text.USBD_FS_SerialStrDescriptor
                0x0000000008009a70       0x24 ./USB_DEVICE/App/usbd_desc.o
                0x0000000008009a70                USBD_FS_SerialStrDescriptor
 .text.USBD_FS_ConfigStrDescriptor
                0x0000000008009a94       0x3c ./USB_DEVICE/App/usbd_desc.o
                0x0000000008009a94                USBD_FS_ConfigStrDescriptor
 .text.USBD_FS_InterfaceStrDescriptor
                0x0000000008009ad0       0x3c ./USB_DEVICE/App/usbd_desc.o
                0x0000000008009ad0                USBD_FS_InterfaceStrDescriptor
 .text.Get_SerialNum
                0x0000000008009b0c       0x58 ./USB_DEVICE/App/usbd_desc.o
 .text.IntToUnicode
                0x0000000008009b64       0x7c ./USB_DEVICE/App/usbd_desc.o
 .text.HAL_PCD_MspInit
                0x0000000008009be0       0x8c ./USB_DEVICE/Target/usbd_conf.o
                0x0000000008009be0                HAL_PCD_MspInit
 .text.HAL_PCD_SetupStageCallback
                0x0000000008009c6c       0x24 ./USB_DEVICE/Target/usbd_conf.o
                0x0000000008009c6c                HAL_PCD_SetupStageCallback
 .text.HAL_PCD_DataOutStageCallback
                0x0000000008009c90       0x36 ./USB_DEVICE/Target/usbd_conf.o
                0x0000000008009c90                HAL_PCD_DataOutStageCallback
 .text.HAL_PCD_DataInStageCallback
                0x0000000008009cc6       0x34 ./USB_DEVICE/Target/usbd_conf.o
                0x0000000008009cc6                HAL_PCD_DataInStageCallback
 .text.HAL_PCD_SOFCallback
                0x0000000008009cfa       0x1c ./USB_DEVICE/Target/usbd_conf.o
                0x0000000008009cfa                HAL_PCD_SOFCallback
 .text.HAL_PCD_ResetCallback
                0x0000000008009d16       0x3c ./USB_DEVICE/Target/usbd_conf.o
                0x0000000008009d16                HAL_PCD_ResetCallback
 *fill*         0x0000000008009d52        0x2 
 .text.HAL_PCD_SuspendCallback
                0x0000000008009d54       0x4c ./USB_DEVICE/Target/usbd_conf.o
                0x0000000008009d54                HAL_PCD_SuspendCallback
 .text.HAL_PCD_ResumeCallback
                0x0000000008009da0       0x1c ./USB_DEVICE/Target/usbd_conf.o
                0x0000000008009da0                HAL_PCD_ResumeCallback
 .text.HAL_PCD_ISOOUTIncompleteCallback
                0x0000000008009dbc       0x24 ./USB_DEVICE/Target/usbd_conf.o
                0x0000000008009dbc                HAL_PCD_ISOOUTIncompleteCallback
 .text.HAL_PCD_ISOINIncompleteCallback
                0x0000000008009de0       0x24 ./USB_DEVICE/Target/usbd_conf.o
                0x0000000008009de0                HAL_PCD_ISOINIncompleteCallback
 .text.HAL_PCD_ConnectCallback
                0x0000000008009e04       0x1c ./USB_DEVICE/Target/usbd_conf.o
                0x0000000008009e04                HAL_PCD_ConnectCallback
 .text.HAL_PCD_DisconnectCallback
                0x0000000008009e20       0x1c ./USB_DEVICE/Target/usbd_conf.o
                0x0000000008009e20                HAL_PCD_DisconnectCallback
 .text.USBD_LL_Init
                0x0000000008009e3c       0x88 ./USB_DEVICE/Target/usbd_conf.o
                0x0000000008009e3c                USBD_LL_Init
 .text.USBD_LL_Start
                0x0000000008009ec4       0x36 ./USB_DEVICE/Target/usbd_conf.o
                0x0000000008009ec4                USBD_LL_Start
 .text.USBD_LL_OpenEP
                0x0000000008009efa       0x4c ./USB_DEVICE/Target/usbd_conf.o
                0x0000000008009efa                USBD_LL_OpenEP
 .text.USBD_LL_CloseEP
                0x0000000008009f46       0x3e ./USB_DEVICE/Target/usbd_conf.o
                0x0000000008009f46                USBD_LL_CloseEP
 .text.USBD_LL_StallEP
                0x0000000008009f84       0x3e ./USB_DEVICE/Target/usbd_conf.o
                0x0000000008009f84                USBD_LL_StallEP
 .text.USBD_LL_ClearStallEP
                0x0000000008009fc2       0x3e ./USB_DEVICE/Target/usbd_conf.o
                0x0000000008009fc2                USBD_LL_ClearStallEP
 .text.USBD_LL_IsStallEP
                0x000000000800a000       0x56 ./USB_DEVICE/Target/usbd_conf.o
                0x000000000800a000                USBD_LL_IsStallEP
 .text.USBD_LL_SetUSBAddress
                0x000000000800a056       0x3e ./USB_DEVICE/Target/usbd_conf.o
                0x000000000800a056                USBD_LL_SetUSBAddress
 .text.USBD_LL_Transmit
                0x000000000800a094       0x46 ./USB_DEVICE/Target/usbd_conf.o
                0x000000000800a094                USBD_LL_Transmit
 .text.USBD_LL_PrepareReceive
                0x000000000800a0da       0x46 ./USB_DEVICE/Target/usbd_conf.o
                0x000000000800a0da                USBD_LL_PrepareReceive
 .text.USBD_LL_GetRxDataSize
                0x000000000800a120       0x26 ./USB_DEVICE/Target/usbd_conf.o
                0x000000000800a120                USBD_LL_GetRxDataSize
 *fill*         0x000000000800a146        0x2 
 .text.USBD_static_malloc
                0x000000000800a148       0x18 ./USB_DEVICE/Target/usbd_conf.o
                0x000000000800a148                USBD_static_malloc
 .text.USBD_static_free
                0x000000000800a160       0x12 ./USB_DEVICE/Target/usbd_conf.o
                0x000000000800a160                USBD_static_free
 *fill*         0x000000000800a172        0x2 
 .text.USBD_Get_USB_Status
                0x000000000800a174       0x58 ./USB_DEVICE/Target/usbd_conf.o
 .text.malloc   0x000000000800a1cc       0x10 C:/ST/STM32CubeIDE_1.13.2/STM32CubeIDE/plugins/com.st.stm32cube.ide.mcu.externaltools.gnu-tools-for-stm32.11.3.rel1.win32_1.1.100.202309141235/tools/bin/../lib/gcc/arm-none-eabi/11.3.1/../../../../arm-none-eabi/lib/thumb/v7-m/nofp\libc_nano.a(libc_a-malloc.o)
                0x000000000800a1cc                malloc
 .text.free     0x000000000800a1dc       0x10 C:/ST/STM32CubeIDE_1.13.2/STM32CubeIDE/plugins/com.st.stm32cube.ide.mcu.externaltools.gnu-tools-for-stm32.11.3.rel1.win32_1.1.100.202309141235/tools/bin/../lib/gcc/arm-none-eabi/11.3.1/../../../../arm-none-eabi/lib/thumb/v7-m/nofp\libc_nano.a(libc_a-malloc.o)
                0x000000000800a1dc                free
 .text.sbrk_aligned
                0x000000000800a1ec       0x40 C:/ST/STM32CubeIDE_1.13.2/STM32CubeIDE/plugins/com.st.stm32cube.ide.mcu.externaltools.gnu-tools-for-stm32.11.3.rel1.win32_1.1.100.202309141235/tools/bin/../lib/gcc/arm-none-eabi/11.3.1/../../../../arm-none-eabi/lib/thumb/v7-m/nofp\libc_nano.a(libc_a-mallocr.o)
 .text._malloc_r
                0x000000000800a22c      0x100 C:/ST/STM32CubeIDE_1.13.2/STM32CubeIDE/plugins/com.st.stm32cube.ide.mcu.externaltools.gnu-tools-for-stm32.11.3.rel1.win32_1.1.100.202309141235/tools/bin/../lib/gcc/arm-none-eabi/11.3.1/../../../../arm-none-eabi/lib/thumb/v7-m/nofp\libc_nano.a(libc_a-mallocr.o)
                0x000000000800a22c                _malloc_r
 .text.__malloc_lock
                0x000000000800a32c        0xc C:/ST/STM32CubeIDE_1.13.2/STM32CubeIDE/plugins/com.st.stm32cube.ide.mcu.externaltools.gnu-tools-for-stm32.11.3.rel1.win32_1.1.100.202309141235/tools/bin/../lib/gcc/arm-none-eabi/11.3.1/../../../../arm-none-eabi/lib/thumb/v7-m/nofp\libc_nano.a(libc_a-mlock.o)
                0x000000000800a32c                __malloc_lock
 .text.__malloc_unlock
                0x000000000800a338        0xc C:/ST/STM32CubeIDE_1.13.2/STM32CubeIDE/plugins/com.st.stm32cube.ide.mcu.externaltools.gnu-tools-for-stm32.11.3.rel1.win32_1.1.100.202309141235/tools/bin/../lib/gcc/arm-none-eabi/11.3.1/../../../../arm-none-eabi/lib/thumb/v7-m/nofp\libc_nano.a(libc_a-mlock.o)
                0x000000000800a338                __malloc_unlock
 .text.sprintf  0x000000000800a344       0x40 C:/ST/STM32CubeIDE_1.13.2/STM32CubeIDE/plugins/com.st.stm32cube.ide.mcu.externaltools.gnu-tools-for-stm32.11.3.rel1.win32_1.1.100.202309141235/tools/bin/../lib/gcc/arm-none-eabi/11.3.1/../../../../arm-none-eabi/lib/thumb/v7-m/nofp\libc_nano.a(libc_a-sprintf.o)
                0x000000000800a344                siprintf
                0x000000000800a344                sprintf
 .text.memset   0x000000000800a384       0x10 C:/ST/STM32CubeIDE_1.13.2/STM32CubeIDE/plugins/com.st.stm32cube.ide.mcu.externaltools.gnu-tools-for-stm32.11.3.rel1.win32_1.1.100.202309141235/tools/bin/../lib/gcc/arm-none-eabi/11.3.1/../../../../arm-none-eabi/lib/thumb/v7-m/nofp\libc_nano.a(libc_a-memset.o)
                0x000000000800a384                memset
 .text.strncat  0x000000000800a394       0x26 C:/ST/STM32CubeIDE_1.13.2/STM32CubeIDE/plugins/com.st.stm32cube.ide.mcu.externaltools.gnu-tools-for-stm32.11.3.rel1.win32_1.1.100.202309141235/tools/bin/../lib/gcc/arm-none-eabi/11.3.1/../../../../arm-none-eabi/lib/thumb/v7-m/nofp\libc_nano.a(libc_a-strncat.o)
                0x000000000800a394                strncat
 *fill*         0x000000000800a3ba        0x2 
 .text._sbrk_r  0x000000000800a3bc       0x20 C:/ST/STM32CubeIDE_1.13.2/STM32CubeIDE/plugins/com.st.stm32cube.ide.mcu.externaltools.gnu-tools-for-stm32.11.3.rel1.win32_1.1.100.202309141235/tools/bin/../lib/gcc/arm-none-eabi/11.3.1/../../../../arm-none-eabi/lib/thumb/v7-m/nofp\libc_nano.a(libc_a-sbrkr.o)
                0x000000000800a3bc                _sbrk_r
 .text.__errno  0x000000000800a3dc        0xc C:/ST/STM32CubeIDE_1.13.2/STM32CubeIDE/plugins/com.st.stm32cube.ide.mcu.externaltools.gnu-tools-for-stm32.11.3.rel1.win32_1.1.100.202309141235/tools/bin/../lib/gcc/arm-none-eabi/11.3.1/../../../../arm-none-eabi/lib/thumb/v7-m/nofp\libc_nano.a(libc_a-errno.o)
                0x000000000800a3dc                __errno
 .text.__libc_init_array
                0x000000000800a3e8       0x48 C:/ST/STM32CubeIDE_1.13.2/STM32CubeIDE/plugins/com.st.stm32cube.ide.mcu.externaltools.gnu-tools-for-stm32.11.3.rel1.win32_1.1.100.202309141235/tools/bin/../lib/gcc/arm-none-eabi/11.3.1/../../../../arm-none-eabi/lib/thumb/v7-m/nofp\libc_nano.a(libc_a-init.o)
                0x000000000800a3e8                __libc_init_array
 .text.__retarget_lock_acquire_recursive
                0x000000000800a430        0x2 C:/ST/STM32CubeIDE_1.13.2/STM32CubeIDE/plugins/com.st.stm32cube.ide.mcu.externaltools.gnu-tools-for-stm32.11.3.rel1.win32_1.1.100.202309141235/tools/bin/../lib/gcc/arm-none-eabi/11.3.1/../../../../arm-none-eabi/lib/thumb/v7-m/nofp\libc_nano.a(libc_a-lock.o)
                0x000000000800a430                __retarget_lock_acquire_recursive
 .text.__retarget_lock_release_recursive
                0x000000000800a432        0x2 C:/ST/STM32CubeIDE_1.13.2/STM32CubeIDE/plugins/com.st.stm32cube.ide.mcu.externaltools.gnu-tools-for-stm32.11.3.rel1.win32_1.1.100.202309141235/tools/bin/../lib/gcc/arm-none-eabi/11.3.1/../../../../arm-none-eabi/lib/thumb/v7-m/nofp\libc_nano.a(libc_a-lock.o)
                0x000000000800a432                __retarget_lock_release_recursive
 .text.memcpy   0x000000000800a434       0x1c C:/ST/STM32CubeIDE_1.13.2/STM32CubeIDE/plugins/com.st.stm32cube.ide.mcu.externaltools.gnu-tools-for-stm32.11.3.rel1.win32_1.1.100.202309141235/tools/bin/../lib/gcc/arm-none-eabi/11.3.1/../../../../arm-none-eabi/lib/thumb/v7-m/nofp\libc_nano.a(libc_a-memcpy-stub.o)
                0x000000000800a434                memcpy
 .text._free_r  0x000000000800a450       0x90 C:/ST/STM32CubeIDE_1.13.2/STM32CubeIDE/plugins/com.st.stm32cube.ide.mcu.externaltools.gnu-tools-for-stm32.11.3.rel1.win32_1.1.100.202309141235/tools/bin/../lib/gcc/arm-none-eabi/11.3.1/../../../../arm-none-eabi/lib/thumb/v7-m/nofp\libc_nano.a(libc_a-freer.o)
                0x000000000800a450                _free_r
 .text.__ssputs_r
                0x000000000800a4e0       0xb4 C:/ST/STM32CubeIDE_1.13.2/STM32CubeIDE/plugins/com.st.stm32cube.ide.mcu.externaltools.gnu-tools-for-stm32.11.3.rel1.win32_1.1.100.202309141235/tools/bin/../lib/gcc/arm-none-eabi/11.3.1/../../../../arm-none-eabi/lib/thumb/v7-m/nofp\libc_nano.a(libc_a-nano-svfprintf.o)
                0x000000000800a4e0                __ssputs_r
 .text._svfprintf_r
                0x000000000800a594      0x1fc C:/ST/STM32CubeIDE_1.13.2/STM32CubeIDE/plugins/com.st.stm32cube.ide.mcu.externaltools.gnu-tools-for-stm32.11.3.rel1.win32_1.1.100.202309141235/tools/bin/../lib/gcc/arm-none-eabi/11.3.1/../../../../arm-none-eabi/lib/thumb/v7-m/nofp\libc_nano.a(libc_a-nano-svfprintf.o)
                0x000000000800a594                _svfiprintf_r
                0x000000000800a594                _svfprintf_r
 .text._printf_common
                0x000000000800a790       0xe4 C:/ST/STM32CubeIDE_1.13.2/STM32CubeIDE/plugins/com.st.stm32cube.ide.mcu.externaltools.gnu-tools-for-stm32.11.3.rel1.win32_1.1.100.202309141235/tools/bin/../lib/gcc/arm-none-eabi/11.3.1/../../../../arm-none-eabi/lib/thumb/v7-m/nofp\libc_nano.a(libc_a-nano-vfprintf_i.o)
                0x000000000800a790                _printf_common
 .text._printf_i
                0x000000000800a874      0x244 C:/ST/STM32CubeIDE_1.13.2/STM32CubeIDE/plugins/com.st.stm32cube.ide.mcu.externaltools.gnu-tools-for-stm32.11.3.rel1.win32_1.1.100.202309141235/tools/bin/../lib/gcc/arm-none-eabi/11.3.1/../../../../arm-none-eabi/lib/thumb/v7-m/nofp\libc_nano.a(libc_a-nano-vfprintf_i.o)
                0x000000000800a874                _printf_i
 .text.memmove  0x000000000800aab8       0x34 C:/ST/STM32CubeIDE_1.13.2/STM32CubeIDE/plugins/com.st.stm32cube.ide.mcu.externaltools.gnu-tools-for-stm32.11.3.rel1.win32_1.1.100.202309141235/tools/bin/../lib/gcc/arm-none-eabi/11.3.1/../../../../arm-none-eabi/lib/thumb/v7-m/nofp\libc_nano.a(libc_a-memmove.o)
                0x000000000800aab8                memmove
 .text.memchr   0x000000000800aaec       0x1c C:/ST/STM32CubeIDE_1.13.2/STM32CubeIDE/plugins/com.st.stm32cube.ide.mcu.externaltools.gnu-tools-for-stm32.11.3.rel1.win32_1.1.100.202309141235/tools/bin/../lib/gcc/arm-none-eabi/11.3.1/../../../../arm-none-eabi/lib/thumb/v7-m/nofp\libc_nano.a(libc_a-memchr-stub.o)
                0x000000000800aaec                memchr
 .text._realloc_r
                0x000000000800ab08       0x5e C:/ST/STM32CubeIDE_1.13.2/STM32CubeIDE/plugins/com.st.stm32cube.ide.mcu.externaltools.gnu-tools-for-stm32.11.3.rel1.win32_1.1.100.202309141235/tools/bin/../lib/gcc/arm-none-eabi/11.3.1/../../../../arm-none-eabi/lib/thumb/v7-m/nofp\libc_nano.a(libc_a-reallocr.o)
                0x000000000800ab08                _realloc_r
 .text._malloc_usable_size_r
                0x000000000800ab66       0x10 C:/ST/STM32CubeIDE_1.13.2/STM32CubeIDE/plugins/com.st.stm32cube.ide.mcu.externaltools.gnu-tools-for-stm32.11.3.rel1.win32_1.1.100.202309141235/tools/bin/../lib/gcc/arm-none-eabi/11.3.1/../../../../arm-none-eabi/lib/thumb/v7-m/nofp\libc_nano.a(libc_a-msizer.o)
                0x000000000800ab66                _malloc_usable_size_r
 *fill*         0x000000000800ab76        0x2 
 .text.log      0x000000000800ab78       0x64 C:/ST/STM32CubeIDE_1.13.2/STM32CubeIDE/plugins/com.st.stm32cube.ide.mcu.externaltools.gnu-tools-for-stm32.11.3.rel1.win32_1.1.100.202309141235/tools/bin/../lib/gcc/arm-none-eabi/11.3.1/../../../../arm-none-eabi/lib/thumb/v7-m/nofp\libm.a(libm_a-w_log.o)
                0x000000000800ab78                log
 .text.nan      0x000000000800abdc        0xc C:/ST/STM32CubeIDE_1.13.2/STM32CubeIDE/plugins/com.st.stm32cube.ide.mcu.externaltools.gnu-tools-for-stm32.11.3.rel1.win32_1.1.100.202309141235/tools/bin/../lib/gcc/arm-none-eabi/11.3.1/../../../../arm-none-eabi/lib/thumb/v7-m/nofp\libm.a(libm_a-s_nan.o)
                0x000000000800abdc                nan
 .text.__ieee754_log
                0x000000000800abe8      0x364 C:/ST/STM32CubeIDE_1.13.2/STM32CubeIDE/plugins/com.st.stm32cube.ide.mcu.externaltools.gnu-tools-for-stm32.11.3.rel1.win32_1.1.100.202309141235/tools/bin/../lib/gcc/arm-none-eabi/11.3.1/../../../../arm-none-eabi/lib/thumb/v7-m/nofp\libm.a(libm_a-e_log.o)
                0x000000000800abe8                __ieee754_log
 *(.glue_7)
 .glue_7        0x000000000800af4c        0x0 linker stubs
 *(.glue_7t)
 .glue_7t       0x000000000800af4c        0x0 linker stubs
 *(.eh_frame)
 .eh_frame      0x000000000800af4c        0x0 C:/ST/STM32CubeIDE_1.13.2/STM32CubeIDE/plugins/com.st.stm32cube.ide.mcu.externaltools.gnu-tools-for-stm32.11.3.rel1.win32_1.1.100.202309141235/tools/bin/../lib/gcc/arm-none-eabi/11.3.1/thumb/v7-m/nofp/crtbegin.o
 *(.init)
 .init          0x000000000800af4c        0x4 C:/ST/STM32CubeIDE_1.13.2/STM32CubeIDE/plugins/com.st.stm32cube.ide.mcu.externaltools.gnu-tools-for-stm32.11.3.rel1.win32_1.1.100.202309141235/tools/bin/../lib/gcc/arm-none-eabi/11.3.1/thumb/v7-m/nofp/crti.o
                0x000000000800af4c                _init
 .init          0x000000000800af50        0x8 C:/ST/STM32CubeIDE_1.13.2/STM32CubeIDE/plugins/com.st.stm32cube.ide.mcu.externaltools.gnu-tools-for-stm32.11.3.rel1.win32_1.1.100.202309141235/tools/bin/../lib/gcc/arm-none-eabi/11.3.1/thumb/v7-m/nofp/crtn.o
 *(.fini)
 .fini          0x000000000800af58        0x4 C:/ST/STM32CubeIDE_1.13.2/STM32CubeIDE/plugins/com.st.stm32cube.ide.mcu.externaltools.gnu-tools-for-stm32.11.3.rel1.win32_1.1.100.202309141235/tools/bin/../lib/gcc/arm-none-eabi/11.3.1/thumb/v7-m/nofp/crti.o
                0x000000000800af58                _fini
 .fini          0x000000000800af5c        0x8 C:/ST/STM32CubeIDE_1.13.2/STM32CubeIDE/plugins/com.st.stm32cube.ide.mcu.externaltools.gnu-tools-for-stm32.11.3.rel1.win32_1.1.100.202309141235/tools/bin/../lib/gcc/arm-none-eabi/11.3.1/thumb/v7-m/nofp/crtn.o
                0x000000000800af64                . = ALIGN (0x4)
                0x000000000800af64                _etext = .

.vfp11_veneer   0x000000000800af64        0x0
 .vfp11_veneer  0x000000000800af64        0x0 linker stubs

.v4_bx          0x000000000800af64        0x0
 .v4_bx         0x000000000800af64        0x0 linker stubs

.iplt           0x000000000800af64        0x0
 .iplt          0x000000000800af64        0x0 C:/ST/STM32CubeIDE_1.13.2/STM32CubeIDE/plugins/com.st.stm32cube.ide.mcu.externaltools.gnu-tools-for-stm32.11.3.rel1.win32_1.1.100.202309141235/tools/bin/../lib/gcc/arm-none-eabi/11.3.1/thumb/v7-m/nofp/crtbegin.o

.rodata         0x000000000800af64      0x4c8
                0x000000000800af64                . = ALIGN (0x4)
 *(.rodata)
 .rodata        0x000000000800af64        0xd ./Core/Src/print.o
 *fill*         0x000000000800af71        0x3 
 .rodata        0x000000000800af74       0x46 ./USB_DEVICE/App/usbd_desc.o
 *(.rodata*)
 *fill*         0x000000000800afba        0x2 
 .rodata.LTC_CMD_RDCV
                0x000000000800afbc        0x8 ./Core/Src/6811.o
 .rodata.LTC_CMD_AUXREG
                0x000000000800afc4        0x4 ./Core/Src/6811.o
 .rodata.crc15Table
                0x000000000800afc8      0x400 ./Core/Src/6811.o
 .rodata.AHBPrescTable
                0x000000000800b3c8       0x10 ./Core/Src/system_stm32f1xx.o
                0x000000000800b3c8                AHBPrescTable
 .rodata.aPLLMULFactorTable.1
                0x000000000800b3d8        0xe ./Drivers/STM32F1xx_HAL_Driver/Src/stm32f1xx_hal_rcc.o
 *fill*         0x000000000800b3e6        0x2 
 .rodata.aPredivFactorTable.0
                0x000000000800b3e8       0x10 ./Drivers/STM32F1xx_HAL_Driver/Src/stm32f1xx_hal_rcc.o
 .rodata._svfprintf_r.str1.1
                0x000000000800b3f8       0x11 C:/ST/STM32CubeIDE_1.13.2/STM32CubeIDE/plugins/com.st.stm32cube.ide.mcu.externaltools.gnu-tools-for-stm32.11.3.rel1.win32_1.1.100.202309141235/tools/bin/../lib/gcc/arm-none-eabi/11.3.1/../../../../arm-none-eabi/lib/thumb/v7-m/nofp\libc_nano.a(libc_a-nano-svfprintf.o)
 .rodata._printf_i.str1.1
                0x000000000800b409       0x22 C:/ST/STM32CubeIDE_1.13.2/STM32CubeIDE/plugins/com.st.stm32cube.ide.mcu.externaltools.gnu-tools-for-stm32.11.3.rel1.win32_1.1.100.202309141235/tools/bin/../lib/gcc/arm-none-eabi/11.3.1/../../../../arm-none-eabi/lib/thumb/v7-m/nofp\libc_nano.a(libc_a-nano-vfprintf_i.o)
 .rodata.log.str1.1
                0x000000000800b42b       0x22 C:/ST/STM32CubeIDE_1.13.2/STM32CubeIDE/plugins/com.st.stm32cube.ide.mcu.externaltools.gnu-tools-for-stm32.11.3.rel1.win32_1.1.100.202309141235/tools/bin/../lib/gcc/arm-none-eabi/11.3.1/../../../../arm-none-eabi/lib/thumb/v7-m/nofp\libm.a(libm_a-w_log.o)
                                          0x1 (size before relaxing)
                0x000000000800b450                . = ALIGN (0x4)
 *fill*         0x000000000800b42b        0x1 

.ARM.extab      0x000000000800b42c        0x0
                0x000000000800b42c                . = ALIGN (0x4)
 *(.ARM.extab* .gnu.linkonce.armextab.*)
                0x000000000800b42c                . = ALIGN (0x4)

.ARM            0x000000000800b42c        0x8
                0x000000000800b42c                . = ALIGN (0x4)
                0x000000000800b42c                __exidx_start = .
 *(.ARM.exidx*)
 .ARM.exidx     0x000000000800b42c        0x8 C:/ST/STM32CubeIDE_1.13.2/STM32CubeIDE/plugins/com.st.stm32cube.ide.mcu.externaltools.gnu-tools-for-stm32.11.3.rel1.win32_1.1.100.202309141235/tools/bin/../lib/gcc/arm-none-eabi/11.3.1/thumb/v7-m/nofp\libgcc.a(_udivmoddi4.o)
                0x000000000800b434                __exidx_end = .
                0x000000000800b434                . = ALIGN (0x4)

.rel.dyn        0x000000000800b434        0x0
 .rel.iplt      0x000000000800b434        0x0 C:/ST/STM32CubeIDE_1.13.2/STM32CubeIDE/plugins/com.st.stm32cube.ide.mcu.externaltools.gnu-tools-for-stm32.11.3.rel1.win32_1.1.100.202309141235/tools/bin/../lib/gcc/arm-none-eabi/11.3.1/thumb/v7-m/nofp/crtbegin.o

.preinit_array  0x000000000800b434        0x0
                0x000000000800b434                . = ALIGN (0x4)
                0x000000000800b434                PROVIDE (__preinit_array_start = .)
 *(.preinit_array*)
                0x000000000800b434                PROVIDE (__preinit_array_end = .)
                0x000000000800b434                . = ALIGN (0x4)

.init_array     0x000000000800b434        0x4
                0x000000000800b434                . = ALIGN (0x4)
                0x000000000800b434                PROVIDE (__init_array_start = .)
 *(SORT_BY_NAME(.init_array.*))
 *(.init_array*)
 .init_array    0x000000000800b434        0x4 C:/ST/STM32CubeIDE_1.13.2/STM32CubeIDE/plugins/com.st.stm32cube.ide.mcu.externaltools.gnu-tools-for-stm32.11.3.rel1.win32_1.1.100.202309141235/tools/bin/../lib/gcc/arm-none-eabi/11.3.1/thumb/v7-m/nofp/crtbegin.o
                0x000000000800b438                PROVIDE (__init_array_end = .)
                0x000000000800b438                . = ALIGN (0x4)

.fini_array     0x000000000800b438        0x4
                0x000000000800b438                . = ALIGN (0x4)
                [!provide]                        PROVIDE (__fini_array_start = .)
 *(SORT_BY_NAME(.fini_array.*))
 *(.fini_array*)
 .fini_array    0x000000000800b438        0x4 C:/ST/STM32CubeIDE_1.13.2/STM32CubeIDE/plugins/com.st.stm32cube.ide.mcu.externaltools.gnu-tools-for-stm32.11.3.rel1.win32_1.1.100.202309141235/tools/bin/../lib/gcc/arm-none-eabi/11.3.1/thumb/v7-m/nofp/crtbegin.o
                [!provide]                        PROVIDE (__fini_array_end = .)
                0x000000000800b43c                . = ALIGN (0x4)
                0x000000000800b43c                _sidata = LOADADDR (.data)

.data           0x0000000020000000      0x250 load address 0x000000000800b43c
                0x0000000020000000                . = ALIGN (0x4)
                0x0000000020000000                _sdata = .
 *(.data)
 *(.data*)
 .data.config   0x0000000020000000       0x30 ./Core/Src/balance.o
 .data.BMS_SWT  0x0000000020000030        0xc ./Core/Src/main.o
 .data.BMS_IC   0x000000002000003c       0x48 ./Core/Src/module.o
 .data.SystemCoreClock
                0x0000000020000084        0x4 ./Core/Src/system_stm32f1xx.o
                0x0000000020000084                SystemCoreClock
 .data.uwTickPrio
                0x0000000020000088        0x4 ./Drivers/STM32F1xx_HAL_Driver/Src/stm32f1xx_hal.o
                0x0000000020000088                uwTickPrio
 .data.uwTickFreq
                0x000000002000008c        0x1 ./Drivers/STM32F1xx_HAL_Driver/Src/stm32f1xx_hal.o
                0x000000002000008c                uwTickFreq
 *fill*         0x000000002000008d        0x3 
 .data.USBD_CDC_DeviceQualifierDesc
                0x0000000020000090        0xa ./Middlewares/ST/STM32_USB_Device_Library/Class/CDC/Src/usbd_cdc.o
 *fill*         0x000000002000009a        0x2 
 .data.USBD_CDC
                0x000000002000009c       0x38 ./Middlewares/ST/STM32_USB_Device_Library/Class/CDC/Src/usbd_cdc.o
                0x000000002000009c                USBD_CDC
 .data.USBD_CDC_CfgHSDesc
                0x00000000200000d4       0x43 ./Middlewares/ST/STM32_USB_Device_Library/Class/CDC/Src/usbd_cdc.o
                0x00000000200000d4                USBD_CDC_CfgHSDesc
 *fill*         0x0000000020000117        0x1 
 .data.USBD_CDC_CfgFSDesc
                0x0000000020000118       0x43 ./Middlewares/ST/STM32_USB_Device_Library/Class/CDC/Src/usbd_cdc.o
                0x0000000020000118                USBD_CDC_CfgFSDesc
 *fill*         0x000000002000015b        0x1 
 .data.USBD_CDC_OtherSpeedCfgDesc
                0x000000002000015c       0x43 ./Middlewares/ST/STM32_USB_Device_Library/Class/CDC/Src/usbd_cdc.o
                0x000000002000015c                USBD_CDC_OtherSpeedCfgDesc
 *fill*         0x000000002000019f        0x1 
 .data.USBD_Interface_fops_FS
                0x00000000200001a0       0x10 ./USB_DEVICE/App/usbd_cdc_if.o
                0x00000000200001a0                USBD_Interface_fops_FS
 .data.FS_Desc  0x00000000200001b0       0x1c ./USB_DEVICE/App/usbd_desc.o
                0x00000000200001b0                FS_Desc
 .data.USBD_FS_DeviceDesc
                0x00000000200001cc       0x12 ./USB_DEVICE/App/usbd_desc.o
                0x00000000200001cc                USBD_FS_DeviceDesc
 *fill*         0x00000000200001de        0x2 
 .data.USBD_LangIDDesc
                0x00000000200001e0        0x4 ./USB_DEVICE/App/usbd_desc.o
                0x00000000200001e0                USBD_LangIDDesc
 .data.USBD_StringSerial
                0x00000000200001e4       0x1a ./USB_DEVICE/App/usbd_desc.o
                0x00000000200001e4                USBD_StringSerial
 *fill*         0x00000000200001fe        0x2 
 .data._impure_data
                0x0000000020000200       0x4c C:/ST/STM32CubeIDE_1.13.2/STM32CubeIDE/plugins/com.st.stm32cube.ide.mcu.externaltools.gnu-tools-for-stm32.11.3.rel1.win32_1.1.100.202309141235/tools/bin/../lib/gcc/arm-none-eabi/11.3.1/../../../../arm-none-eabi/lib/thumb/v7-m/nofp\libc_nano.a(libc_a-impure.o)
                0x0000000020000200                _impure_data
 .data._impure_ptr
                0x000000002000024c        0x4 C:/ST/STM32CubeIDE_1.13.2/STM32CubeIDE/plugins/com.st.stm32cube.ide.mcu.externaltools.gnu-tools-for-stm32.11.3.rel1.win32_1.1.100.202309141235/tools/bin/../lib/gcc/arm-none-eabi/11.3.1/../../../../arm-none-eabi/lib/thumb/v7-m/nofp\libc_nano.a(libc_a-impure.o)
                0x000000002000024c                _impure_ptr
 *(.RamFunc)
 *(.RamFunc*)
                0x0000000020000250                . = ALIGN (0x4)
                0x0000000020000250                _edata = .

.igot.plt       0x0000000020000250        0x0 load address 0x000000000800b68c
 .igot.plt      0x0000000020000250        0x0 C:/ST/STM32CubeIDE_1.13.2/STM32CubeIDE/plugins/com.st.stm32cube.ide.mcu.externaltools.gnu-tools-for-stm32.11.3.rel1.win32_1.1.100.202309141235/tools/bin/../lib/gcc/arm-none-eabi/11.3.1/thumb/v7-m/nofp/crtbegin.o
                0x0000000020000250                . = ALIGN (0x4)

.bss            0x0000000020000250     0x1688 load address 0x000000000800b68c
                0x0000000020000250                _sbss = .
                0x0000000020000250                __bss_start__ = _sbss
 *(.bss)
 .bss           0x0000000020000250       0x1c C:/ST/STM32CubeIDE_1.13.2/STM32CubeIDE/plugins/com.st.stm32cube.ide.mcu.externaltools.gnu-tools-for-stm32.11.3.rel1.win32_1.1.100.202309141235/tools/bin/../lib/gcc/arm-none-eabi/11.3.1/thumb/v7-m/nofp/crtbegin.o
 *(.bss*)
 .bss.hadc1     0x000000002000026c       0x30 ./Core/Src/adc.o
                0x000000002000026c                hadc1
 .bss.hadc2     0x000000002000029c       0x30 ./Core/Src/adc.o
                0x000000002000029c                hadc2
 .bss.hcan2     0x00000000200002cc       0x28 ./Core/Src/can.o
                0x00000000200002cc                hcan2
 .bss.scalar.1  0x00000000200002f4        0x4 ./Core/Src/module.o
 .bss.steinhart.0
                0x00000000200002f8        0x4 ./Core/Src/module.o
 .bss.hspi1     0x00000000200002fc       0x58 ./Core/Src/spi.o
                0x00000000200002fc                hspi1
 .bss.__sbrk_heap_end
                0x0000000020000354        0x4 ./Core/Src/sysmem.o
 .bss.htim7     0x0000000020000358       0x48 ./Core/Src/tim.o
                0x0000000020000358                htim7
 .bss.uwTick    0x00000000200003a0        0x4 ./Drivers/STM32F1xx_HAL_Driver/Src/stm32f1xx_hal.o
                0x00000000200003a0                uwTick
 .bss.cfgidx.0  0x00000000200003a4        0x1 ./Middlewares/ST/STM32_USB_Device_Library/Core/Src/usbd_ctlreq.o
 *fill*         0x00000000200003a5        0x3 
 .bss.hUsbDeviceFS
                0x00000000200003a8      0x2c4 ./USB_DEVICE/App/usb_device.o
                0x00000000200003a8                hUsbDeviceFS
 .bss.UserRxBufferFS
                0x000000002000066c      0x400 ./USB_DEVICE/App/usbd_cdc_if.o
                0x000000002000066c                UserRxBufferFS
 .bss.UserTxBufferFS
                0x0000000020000a6c      0x400 ./USB_DEVICE/App/usbd_cdc_if.o
                0x0000000020000a6c                UserTxBufferFS
 .bss.USBD_StrDesc
                0x0000000020000e6c      0x200 ./USB_DEVICE/App/usbd_desc.o
                0x0000000020000e6c                USBD_StrDesc
 .bss.hpcd_USB_OTG_FS
                0x000000002000106c      0x504 ./USB_DEVICE/Target/usbd_conf.o
                0x000000002000106c                hpcd_USB_OTG_FS
 .bss.mem.0     0x0000000020001570      0x220 ./USB_DEVICE/Target/usbd_conf.o
 .bss.__malloc_free_list
                0x0000000020001790        0x4 C:/ST/STM32CubeIDE_1.13.2/STM32CubeIDE/plugins/com.st.stm32cube.ide.mcu.externaltools.gnu-tools-for-stm32.11.3.rel1.win32_1.1.100.202309141235/tools/bin/../lib/gcc/arm-none-eabi/11.3.1/../../../../arm-none-eabi/lib/thumb/v7-m/nofp\libc_nano.a(libc_a-mallocr.o)
                0x0000000020001790                __malloc_free_list
 .bss.__malloc_sbrk_start
                0x0000000020001794        0x4 C:/ST/STM32CubeIDE_1.13.2/STM32CubeIDE/plugins/com.st.stm32cube.ide.mcu.externaltools.gnu-tools-for-stm32.11.3.rel1.win32_1.1.100.202309141235/tools/bin/../lib/gcc/arm-none-eabi/11.3.1/../../../../arm-none-eabi/lib/thumb/v7-m/nofp\libc_nano.a(libc_a-mallocr.o)
                0x0000000020001794                __malloc_sbrk_start
 .bss.__sf      0x0000000020001798      0x138 C:/ST/STM32CubeIDE_1.13.2/STM32CubeIDE/plugins/com.st.stm32cube.ide.mcu.externaltools.gnu-tools-for-stm32.11.3.rel1.win32_1.1.100.202309141235/tools/bin/../lib/gcc/arm-none-eabi/11.3.1/../../../../arm-none-eabi/lib/thumb/v7-m/nofp\libc_nano.a(libc_a-findfp.o)
                0x0000000020001798                __sf
 .bss.errno     0x00000000200018d0        0x4 C:/ST/STM32CubeIDE_1.13.2/STM32CubeIDE/plugins/com.st.stm32cube.ide.mcu.externaltools.gnu-tools-for-stm32.11.3.rel1.win32_1.1.100.202309141235/tools/bin/../lib/gcc/arm-none-eabi/11.3.1/../../../../arm-none-eabi/lib/thumb/v7-m/nofp\libc_nano.a(libc_a-reent.o)
                0x00000000200018d0                errno
 .bss.__lock___malloc_recursive_mutex
                0x00000000200018d4        0x1 C:/ST/STM32CubeIDE_1.13.2/STM32CubeIDE/plugins/com.st.stm32cube.ide.mcu.externaltools.gnu-tools-for-stm32.11.3.rel1.win32_1.1.100.202309141235/tools/bin/../lib/gcc/arm-none-eabi/11.3.1/../../../../arm-none-eabi/lib/thumb/v7-m/nofp\libc_nano.a(libc_a-lock.o)
                0x00000000200018d4                __lock___malloc_recursive_mutex
 *(COMMON)
                0x00000000200018d8                . = ALIGN (0x4)
 *fill*         0x00000000200018d5        0x3 
                0x00000000200018d8                _ebss = .
                0x00000000200018d8                __bss_end__ = _ebss

._user_heap_stack
                0x00000000200018d8      0x600 load address 0x000000000800b68c
                0x00000000200018d8                . = ALIGN (0x8)
                [!provide]                        PROVIDE (end = .)
                0x00000000200018d8                PROVIDE (_end = .)
                0x0000000020001ad8                . = (. + _Min_Heap_Size)
 *fill*         0x00000000200018d8      0x200 
                0x0000000020001ed8                . = (. + _Min_Stack_Size)
 *fill*         0x0000000020001ad8      0x400 
                0x0000000020001ed8                . = ALIGN (0x8)

/DISCARD/
 libc.a(*)
 libm.a(*)
 libgcc.a(*)

.ARM.attributes
                0x0000000000000000       0x29
 *(.ARM.attributes)
 .ARM.attributes
                0x0000000000000000       0x1d C:/ST/STM32CubeIDE_1.13.2/STM32CubeIDE/plugins/com.st.stm32cube.ide.mcu.externaltools.gnu-tools-for-stm32.11.3.rel1.win32_1.1.100.202309141235/tools/bin/../lib/gcc/arm-none-eabi/11.3.1/thumb/v7-m/nofp/crti.o
 .ARM.attributes
                0x000000000000001d       0x2d C:/ST/STM32CubeIDE_1.13.2/STM32CubeIDE/plugins/com.st.stm32cube.ide.mcu.externaltools.gnu-tools-for-stm32.11.3.rel1.win32_1.1.100.202309141235/tools/bin/../lib/gcc/arm-none-eabi/11.3.1/thumb/v7-m/nofp/crtbegin.o
 .ARM.attributes
                0x000000000000004a       0x2d ./Core/Src/6811.o
 .ARM.attributes
                0x0000000000000077       0x2d ./Core/Src/adc.o
 .ARM.attributes
                0x00000000000000a4       0x2d ./Core/Src/balance.o
 .ARM.attributes
                0x00000000000000d1       0x2d ./Core/Src/can.o
 .ARM.attributes
                0x00000000000000fe       0x2d ./Core/Src/gpio.o
 .ARM.attributes
                0x000000000000012b       0x2d ./Core/Src/main.o
 .ARM.attributes
                0x0000000000000158       0x2d ./Core/Src/module.o
 .ARM.attributes
                0x0000000000000185       0x2d ./Core/Src/print.o
 .ARM.attributes
                0x00000000000001b2       0x2d ./Core/Src/safety.o
 .ARM.attributes
                0x00000000000001df       0x2d ./Core/Src/spi.o
 .ARM.attributes
                0x000000000000020c       0x2d ./Core/Src/stm32f1xx_hal_msp.o
 .ARM.attributes
                0x0000000000000239       0x2d ./Core/Src/stm32f1xx_it.o
 .ARM.attributes
                0x0000000000000266       0x2d ./Core/Src/sysmem.o
 .ARM.attributes
                0x0000000000000293       0x2d ./Core/Src/system_stm32f1xx.o
 .ARM.attributes
                0x00000000000002c0       0x2d ./Core/Src/tim.o
 .ARM.attributes
                0x00000000000002ed       0x21 ./Core/Startup/startup_stm32f105rbtx.o
 .ARM.attributes
                0x000000000000030e       0x2d ./Drivers/STM32F1xx_HAL_Driver/Src/stm32f1xx_hal.o
 .ARM.attributes
                0x000000000000033b       0x2d ./Drivers/STM32F1xx_HAL_Driver/Src/stm32f1xx_hal_adc.o
 .ARM.attributes
                0x0000000000000368       0x2d ./Drivers/STM32F1xx_HAL_Driver/Src/stm32f1xx_hal_can.o
 .ARM.attributes
                0x0000000000000395       0x2d ./Drivers/STM32F1xx_HAL_Driver/Src/stm32f1xx_hal_cortex.o
 .ARM.attributes
                0x00000000000003c2       0x2d ./Drivers/STM32F1xx_HAL_Driver/Src/stm32f1xx_hal_gpio.o
 .ARM.attributes
                0x00000000000003ef       0x2d ./Drivers/STM32F1xx_HAL_Driver/Src/stm32f1xx_hal_pcd.o
 .ARM.attributes
                0x000000000000041c       0x2d ./Drivers/STM32F1xx_HAL_Driver/Src/stm32f1xx_hal_pcd_ex.o
 .ARM.attributes
                0x0000000000000449       0x2d ./Drivers/STM32F1xx_HAL_Driver/Src/stm32f1xx_hal_rcc.o
 .ARM.attributes
                0x0000000000000476       0x2d ./Drivers/STM32F1xx_HAL_Driver/Src/stm32f1xx_hal_rcc_ex.o
 .ARM.attributes
                0x00000000000004a3       0x2d ./Drivers/STM32F1xx_HAL_Driver/Src/stm32f1xx_hal_spi.o
 .ARM.attributes
                0x00000000000004d0       0x2d ./Drivers/STM32F1xx_HAL_Driver/Src/stm32f1xx_hal_tim.o
 .ARM.attributes
                0x00000000000004fd       0x2d ./Drivers/STM32F1xx_HAL_Driver/Src/stm32f1xx_hal_tim_ex.o
 .ARM.attributes
                0x000000000000052a       0x2d ./Drivers/STM32F1xx_HAL_Driver/Src/stm32f1xx_ll_usb.o
 .ARM.attributes
                0x0000000000000557       0x2d ./Middlewares/ST/STM32_USB_Device_Library/Class/CDC/Src/usbd_cdc.o
 .ARM.attributes
                0x0000000000000584       0x2d ./Middlewares/ST/STM32_USB_Device_Library/Core/Src/usbd_core.o
 .ARM.attributes
                0x00000000000005b1       0x2d ./Middlewares/ST/STM32_USB_Device_Library/Core/Src/usbd_ctlreq.o
 .ARM.attributes
                0x00000000000005de       0x2d ./Middlewares/ST/STM32_USB_Device_Library/Core/Src/usbd_ioreq.o
 .ARM.attributes
                0x000000000000060b       0x2d ./USB_DEVICE/App/usb_device.o
 .ARM.attributes
                0x0000000000000638       0x2d ./USB_DEVICE/App/usbd_cdc_if.o
 .ARM.attributes
                0x0000000000000665       0x2d ./USB_DEVICE/App/usbd_desc.o
 .ARM.attributes
                0x0000000000000692       0x2d ./USB_DEVICE/Target/usbd_conf.o
 .ARM.attributes
                0x00000000000006bf       0x2d C:/ST/STM32CubeIDE_1.13.2/STM32CubeIDE/plugins/com.st.stm32cube.ide.mcu.externaltools.gnu-tools-for-stm32.11.3.rel1.win32_1.1.100.202309141235/tools/bin/../lib/gcc/arm-none-eabi/11.3.1/../../../../arm-none-eabi/lib/thumb/v7-m/nofp\libc_nano.a(libc_a-malloc.o)
 .ARM.attributes