../Drivers/STM32F1xx_HAL_Driver/Src/stm32f1xx_ll_usb.c:83:19:USB_CoreInit	24	static
../Drivers/STM32F1xx_HAL_Driver/Src/stm32f1xx_ll_usb.c:106:19:USB_SetTurnaroundTime	32	static
../Drivers/STM32F1xx_HAL_Driver/Src/stm32f1xx_ll_usb.c:185:19:USB_EnableGlobalInt	16	static
../Drivers/STM32F1xx_HAL_Driver/Src/stm32f1xx_ll_usb.c:197:19:USB_DisableGlobalInt	16	static
../Drivers/STM32F1xx_HAL_Driver/Src/stm32f1xx_ll_usb.c:212:19:USB_SetCurrentMode	24	static
../Drivers/STM32F1xx_HAL_Driver/Src/stm32f1xx_ll_usb.c:259:19:USB_DevInit	32	static
../Drivers/STM32F1xx_HAL_Driver/Src/stm32f1xx_ll_usb.c:377:19:USB_FlushTxFifo	24	static
../Drivers/STM32F1xx_HAL_Driver/Src/stm32f1xx_ll_usb.c:414:19:USB_FlushRxFifo	24	static
../Drivers/STM32F1xx_HAL_Driver/Src/stm32f1xx_ll_usb.c:455:19:USB_SetDevSpeed	24	static
../Drivers/STM32F1xx_HAL_Driver/Src/stm32f1xx_ll_usb.c:470:9:USB_GetDevSpeed	32	static
../Drivers/STM32F1xx_HAL_Driver/Src/stm32f1xx_ll_usb.c:495:19:USB_ActivateEndpoint	24	static
../Drivers/STM32F1xx_HAL_Driver/Src/stm32f1xx_ll_usb.c:533:19:USB_ActivateDedicatedEndpoint	24	static
../Drivers/STM32F1xx_HAL_Driver/Src/stm32f1xx_ll_usb.c:572:19:USB_DeactivateEndpoint	24	static
../Drivers/STM32F1xx_HAL_Driver/Src/stm32f1xx_ll_usb.c:619:19:USB_DeactivateDedicatedEndpoint	24	static
../Drivers/STM32F1xx_HAL_Driver/Src/stm32f1xx_ll_usb.c:657:19:USB_EPStartXfer	32	static
../Drivers/STM32F1xx_HAL_Driver/Src/stm32f1xx_ll_usb.c:795:19:USB_EPStopXfer	32	static
../Drivers/STM32F1xx_HAL_Driver/Src/stm32f1xx_ll_usb.c:855:19:USB_WritePacket	40	static
../Drivers/STM32F1xx_HAL_Driver/Src/stm32f1xx_ll_usb.c:883:7:USB_ReadPacket	48	static
../Drivers/STM32F1xx_HAL_Driver/Src/stm32f1xx_ll_usb.c:925:19:USB_EPSetStall	24	static
../Drivers/STM32F1xx_HAL_Driver/Src/stm32f1xx_ll_usb.c:956:19:USB_EPClearStall	24	static
../Drivers/STM32F1xx_HAL_Driver/Src/stm32f1xx_ll_usb.c:985:19:USB_StopDevice	32	static
../Drivers/STM32F1xx_HAL_Driver/Src/stm32f1xx_ll_usb.c:1026:19:USB_SetDevAddress	24	static
../Drivers/STM32F1xx_HAL_Driver/Src/stm32f1xx_ll_usb.c:1041:19:USB_DevConnect	24	static
../Drivers/STM32F1xx_HAL_Driver/Src/stm32f1xx_ll_usb.c:1058:19:USB_DevDisconnect	24	static
../Drivers/STM32F1xx_HAL_Driver/Src/stm32f1xx_ll_usb.c:1075:10:USB_ReadInterrupts	24	static
../Drivers/STM32F1xx_HAL_Driver/Src/stm32f1xx_ll_usb.c:1091:10:USB_ReadChInterrupts	24	static
../Drivers/STM32F1xx_HAL_Driver/Src/stm32f1xx_ll_usb.c:1107:10:USB_ReadDevAllOutEpInterrupt	24	static
../Drivers/STM32F1xx_HAL_Driver/Src/stm32f1xx_ll_usb.c:1123:10:USB_ReadDevAllInEpInterrupt	24	static
../Drivers/STM32F1xx_HAL_Driver/Src/stm32f1xx_ll_usb.c:1141:10:USB_ReadDevOutEPInterrupt	24	static
../Drivers/STM32F1xx_HAL_Driver/Src/stm32f1xx_ll_usb.c:1159:10:USB_ReadDevInEPInterrupt	32	static
../Drivers/STM32F1xx_HAL_Driver/Src/stm32f1xx_ll_usb.c:1180:7:USB_ClearInterrupts	16	static
../Drivers/STM32F1xx_HAL_Driver/Src/stm32f1xx_ll_usb.c:1193:10:USB_GetMode	16	static
../Drivers/STM32F1xx_HAL_Driver/Src/stm32f1xx_ll_usb.c:1203:19:USB_ActivateSetup	24	static
../Drivers/STM32F1xx_HAL_Driver/Src/stm32f1xx_ll_usb.c:1221:19:USB_EP0_OutStart	24	static
../Drivers/STM32F1xx_HAL_Driver/Src/stm32f1xx_ll_usb.c:1248:26:USB_CoreReset	24	static
../Drivers/STM32F1xx_HAL_Driver/Src/stm32f1xx_ll_usb.c:1288:19:USB_HostInit	32	static
../Drivers/STM32F1xx_HAL_Driver/Src/stm32f1xx_ll_usb.c:1352:19:USB_InitFSLSPClkSel	24	static
../Drivers/STM32F1xx_HAL_Driver/Src/stm32f1xx_ll_usb.c:1382:19:USB_ResetPort	24	static
../Drivers/STM32F1xx_HAL_Driver/Src/stm32f1xx_ll_usb.c:1409:19:USB_DriveVbus	24	static
../Drivers/STM32F1xx_HAL_Driver/Src/stm32f1xx_ll_usb.c:1438:10:USB_GetHostSpeed	24	static
../Drivers/STM32F1xx_HAL_Driver/Src/stm32f1xx_ll_usb.c:1452:10:USB_GetCurrentFrame	24	static
../Drivers/STM32F1xx_HAL_Driver/Src/stm32f1xx_ll_usb.c:1482:19:USB_HC_Init	40	static
../Drivers/STM32F1xx_HAL_Driver/Src/stm32f1xx_ll_usb.c:1597:19:USB_HC_StartXfer	40	static
../Drivers/STM32F1xx_HAL_Driver/Src/stm32f1xx_ll_usb.c:1707:10:USB_HC_ReadInterrupt	24	static
../Drivers/STM32F1xx_HAL_Driver/Src/stm32f1xx_ll_usb.c:1721:19:USB_HC_Halt	40	static
../Drivers/STM32F1xx_HAL_Driver/Src/stm32f1xx_ll_usb.c:1805:19:USB_DoPing	32	static
../Drivers/STM32F1xx_HAL_Driver/Src/stm32f1xx_ll_usb.c:1829:19:USB_StopHost	40	static
../Drivers/STM32F1xx_HAL_Driver/Src/stm32f1xx_ll_usb.c:1894:19:USB_ActivateRemoteWakeup	24	static
../Drivers/STM32F1xx_HAL_Driver/Src/stm32f1xx_ll_usb.c:1912:19:USB_DeActivateRemoteWakeup	24	static
