../Core/Src/can.c:29:6:MX_CAN2_Init	8	static
../Core/Src/can.c:59:6:HAL_CAN_MspInit	48	static
../Core/Src/can.c:91:6:HAL_CAN_MspDeInit	16	static
../Core/Src/can.c:115:19:CAN_Start	8	static
../Core/Src/can.c:119:19:CAN_Activate	8	static
../Core/Src/can.c:123:19:CAN_Send	16	static
../Core/Src/can.c:128:6:CAN_SettingsInit	16	static
../Core/Src/can.c:137:6:Set_CAN_Id	16	static
../Core/Src/can.c:141:6:CAN_Send_Voltage	32	static
../Core/Src/can.c:169:6:CAN_Send_Temperature	24	static
../Core/Src/can.c:197:6:CAN_Send_Cell_Summary	24	static
../Core/Src/can.c:215:6:CAN_Send_Safety_Checker	32	static
