../Core/Src/can.c:33:6:MX_CAN2_Init	8	static
../Core/Src/can.c:63:6:HAL_CAN_MspInit	48	static
../Core/Src/can.c:95:6:HAL_CAN_MspDeInit	16	static
../Core/Src/can.c:119:19:CAN_Start	8	static
../Core/Src/can.c:123:19:CAN_Activate	8	static
../Core/Src/can.c:127:19:CAN_Send	16	static
../Core/Src/can.c:132:6:CAN_SettingsInit	16	static
../Core/Src/can.c:141:6:Set_CAN_Id	16	static
../Core/Src/can.c:145:6:CAN_Send_Voltage	32	static
../Core/Src/can.c:173:6:CAN_Send_Temperature	24	static
../Core/Src/can.c:201:6:CAN_Send_Cell_Summary	24	static
../Core/Src/can.c:218:6:CAN_Send_Safety_Checker	32	static
